# android/telephony/PhoneNumberUtils.java  (android/telephony/PhoneNumberUtils.java, 40 fns)
android/telephony/PhoneNumberUtils.java@PhoneNumberUtils::isISODigit
android/telephony/PhoneNumberUtils.java@PhoneNumberUtils::is12Key
android/telephony/PhoneNumberUtils.java@PhoneNumberUtils::isDialable
android/telephony/PhoneNumberUtils.java@PhoneNumberUtils::isReallyDialable
android/telephony/PhoneNumberUtils.java@PhoneNumberUtils::isNonSeparator
android/telephony/PhoneNumberUtils.java@PhoneNumberUtils::isStartsPostDial
android/telephony/PhoneNumberUtils.java@PhoneNumberUtils::getNumberFromIntent
android/telephony/PhoneNumberUtils.java@PhoneNumberUtils::extractNetworkPortion
android/telephony/PhoneNumberUtils.java@PhoneNumberUtils::stripSeparators
android/telephony/PhoneNumberUtils.java@PhoneNumberUtils::minPositive
android/telephony/PhoneNumberUtils.java@PhoneNumberUtils::indexOfLastNetworkChar
android/telephony/PhoneNumberUtils.java@PhoneNumberUtils::extractPostDialPortion
android/telephony/PhoneNumberUtils.java@PhoneNumberUtils::toCallerIDMinMatch
android/telephony/PhoneNumberUtils.java@PhoneNumberUtils::getStrippedReversed
android/telephony/PhoneNumberUtils.java@PhoneNumberUtils::internalGetStrippedReversed
android/telephony/PhoneNumberUtils.java@PhoneNumberUtils::stringFromStringAndTOA
android/telephony/PhoneNumberUtils.java@PhoneNumberUtils::toaFromString
android/telephony/PhoneNumberUtils.java@PhoneNumberUtils::matchIntlPrefix
android/telephony/PhoneNumberUtils.java@PhoneNumberUtils::calledPartyBCDToString
android/telephony/PhoneNumberUtils.java@PhoneNumberUtils::internalCalledPartyBCDFragmentToString
android/telephony/PhoneNumberUtils.java@PhoneNumberUtils::calledPartyBCDFragmentToString
android/telephony/PhoneNumberUtils.java@PhoneNumberUtils::bcdToChar
android/telephony/PhoneNumberUtils.java@PhoneNumberUtils::charToBCD
android/telephony/PhoneNumberUtils.java@PhoneNumberUtils::networkPortionToCalledPartyBCD
android/telephony/PhoneNumberUtils.java@PhoneNumberUtils::isWellFormedSmsAddress
android/telephony/PhoneNumberUtils.java@PhoneNumberUtils::isGlobalPhoneNumber
android/telephony/PhoneNumberUtils.java@PhoneNumberUtils::isDialable@737
android/telephony/PhoneNumberUtils.java@PhoneNumberUtils::networkPortionToCalledPartyBCDWithLength
android/telephony/PhoneNumberUtils.java@PhoneNumberUtils::numberToCalledPartyBCD
android/telephony/PhoneNumberUtils.java@PhoneNumberUtils::numberToCalledPartyBCDWithLength
android/telephony/PhoneNumberUtils.java@PhoneNumberUtils::hasPlus
android/telephony/PhoneNumberUtils.java@PhoneNumberUtils::numberToCalledPartyBCDHelper
android/telephony/PhoneNumberUtils.java@PhoneNumberUtils::matchTrunkPrefix
android/telephony/PhoneNumberUtils.java@PhoneNumberUtils::matchIntlPrefixAndCC
android/telephony/PhoneNumberUtils.java@PhoneNumberUtils::formatNumber
android/telephony/PhoneNumberUtils.java@PhoneNumberUtils::getFormatTypeForLocale
android/telephony/PhoneNumberUtils.java@PhoneNumberUtils::formatNumber@972
android/telephony/PhoneNumberUtils.java@PhoneNumberUtils::formatNanpNumber
android/telephony/PhoneNumberUtils.java@PhoneNumberUtils::isEmergencyNumber
android/telephony/PhoneNumberUtils.java@PhoneNumberUtils::convertKeypadLettersToDigits
# org/kxml2/io/KXmlParser.java  (org/kxml2/io/KXmlParser.java, 40 fns)
org/kxml2/io/KXmlParser.java@KXmlParser::KXmlParser
org/kxml2/io/KXmlParser.java@KXmlParser::isProp
org/kxml2/io/KXmlParser.java@KXmlParser::adjustNsp
org/kxml2/io/KXmlParser.java@KXmlParser::ensureCapacity
org/kxml2/io/KXmlParser.java@KXmlParser::exception
org/kxml2/io/KXmlParser.java@KXmlParser::nextImpl
org/kxml2/io/KXmlParser.java@KXmlParser::parseLegacy
org/kxml2/io/KXmlParser.java@KXmlParser::parseDoctype
org/kxml2/io/KXmlParser.java@KXmlParser::parseEndTag
org/kxml2/io/KXmlParser.java@KXmlParser::peekType
org/kxml2/io/KXmlParser.java@KXmlParser::parseStartTag
org/kxml2/io/KXmlParser.java@KXmlParser::pushEntity
org/kxml2/io/KXmlParser.java@KXmlParser::pushText
org/kxml2/io/KXmlParser.java@KXmlParser::peek
org/kxml2/io/KXmlParser.java@KXmlParser::readName
org/kxml2/io/KXmlParser.java@KXmlParser::skip
org/kxml2/io/KXmlParser.java@KXmlParser::setInput
org/kxml2/io/KXmlParser.java@KXmlParser::setInput@977
org/kxml2/io/KXmlParser.java@KXmlParser::getFeature
org/kxml2/io/KXmlParser.java@KXmlParser::defineEntityReplacementText
org/kxml2/io/KXmlParser.java@KXmlParser::getProperty
org/kxml2/io/KXmlParser.java@KXmlParser::getNamespaceCount
org/kxml2/io/KXmlParser.java@KXmlParser::getNamespace
org/kxml2/io/KXmlParser.java@KXmlParser::getPositionDescription
org/kxml2/io/KXmlParser.java@KXmlParser::isWhitespace
org/kxml2/io/KXmlParser.java@KXmlParser::getText
org/kxml2/io/KXmlParser.java@KXmlParser::getTextCharacters
org/kxml2/io/KXmlParser.java@KXmlParser::isEmptyElementTag
org/kxml2/io/KXmlParser.java@KXmlParser::getAttributeNamespace
org/kxml2/io/KXmlParser.java@KXmlParser::getAttributeName
org/kxml2/io/KXmlParser.java@KXmlParser::getAttributePrefix
org/kxml2/io/KXmlParser.java@KXmlParser::getAttributeValue
org/kxml2/io/KXmlParser.java@KXmlParser::getAttributeValue@1307
org/kxml2/io/KXmlParser.java@KXmlParser::next
org/kxml2/io/KXmlParser.java@KXmlParser::nextToken
org/kxml2/io/KXmlParser.java@KXmlParser::nextTag
org/kxml2/io/KXmlParser.java@KXmlParser::nextText
org/kxml2/io/KXmlParser.java@KXmlParser::setFeature
org/kxml2/io/KXmlParser.java@KXmlParser::setProperty
org/kxml2/io/KXmlParser.java@KXmlParser::skipSubTree
# com/android/browser/BrowserProvider.java  (com/android/browser/BrowserProvider.java, 40 fns)
com/android/browser/BrowserProvider.java@BrowserProvider::replaceSystemPropertyInString
com/android/browser/BrowserProvider.java@BrowserProvider::DatabaseHelper::DatabaseHelper
com/android/browser/BrowserProvider.java@BrowserProvider::DatabaseHelper::onCreate
com/android/browser/BrowserProvider.java@BrowserProvider::DatabaseHelper::onUpgrade
com/android/browser/BrowserProvider.java@BrowserProvider::onCreate
com/android/browser/BrowserProvider.java@BrowserProvider::fixPicasaBookmark
com/android/browser/BrowserProvider.java@BrowserProvider::MySuggestionCursor::MySuggestionCursor
com/android/browser/BrowserProvider.java@BrowserProvider::MySuggestionCursor::onMove
com/android/browser/BrowserProvider.java@BrowserProvider::MySuggestionCursor::getCount
com/android/browser/BrowserProvider.java@BrowserProvider::MySuggestionCursor::getColumnNames
com/android/browser/BrowserProvider.java@BrowserProvider::MySuggestionCursor::getString
com/android/browser/BrowserProvider.java@BrowserProvider::MySuggestionCursor::getDouble
com/android/browser/BrowserProvider.java@BrowserProvider::MySuggestionCursor::getFloat
com/android/browser/BrowserProvider.java@BrowserProvider::MySuggestionCursor::getInt
com/android/browser/BrowserProvider.java@BrowserProvider::MySuggestionCursor::getLong
com/android/browser/BrowserProvider.java@BrowserProvider::MySuggestionCursor::getShort
com/android/browser/BrowserProvider.java@BrowserProvider::MySuggestionCursor::isNull
com/android/browser/BrowserProvider.java@BrowserProvider::MySuggestionCursor::deactivate
com/android/browser/BrowserProvider.java@BrowserProvider::MySuggestionCursor::requery
com/android/browser/BrowserProvider.java@BrowserProvider::query
com/android/browser/BrowserProvider.java@BrowserProvider::getType
com/android/browser/BrowserProvider.java@DatabaseHelper::DatabaseHelper
com/android/browser/BrowserProvider.java@DatabaseHelper::onCreate
com/android/browser/BrowserProvider.java@DatabaseHelper::onUpgrade
com/android/browser/BrowserProvider.java@onCreate
com/android/browser/BrowserProvider.java@fixPicasaBookmark
com/android/browser/BrowserProvider.java@MySuggestionCursor::MySuggestionCursor
com/android/browser/BrowserProvider.java@MySuggestionCursor::onMove
com/android/browser/BrowserProvider.java@MySuggestionCursor::getCount
com/android/browser/BrowserProvider.java@MySuggestionCursor::getColumnNames
com/android/browser/BrowserProvider.java@MySuggestionCursor::getString
com/android/browser/BrowserProvider.java@MySuggestionCursor::getDouble
com/android/browser/BrowserProvider.java@MySuggestionCursor::getFloat
com/android/browser/BrowserProvider.java@MySuggestionCursor::getInt
com/android/browser/BrowserProvider.java@MySuggestionCursor::getLong
com/android/browser/BrowserProvider.java@MySuggestionCursor::getShort
com/android/browser/BrowserProvider.java@MySuggestionCursor::isNull
com/android/browser/BrowserProvider.java@MySuggestionCursor::deactivate
com/android/browser/BrowserProvider.java@MySuggestionCursor::requery
com/android/browser/BrowserProvider.java@getType
