# blink/renderer/core/paint/theme_painter_default.cc  (third_party/blink/renderer/core/paint/theme_painter_default.cc, 40 fns)
third_party/blink/renderer/core/paint/theme_painter_default.cc@blink::IsIndeterminate
third_party/blink/renderer/core/paint/theme_painter_default.cc@blink::IsChecked
third_party/blink/renderer/core/paint/theme_painter_default.cc@blink::GetWebThemeState
third_party/blink/renderer/core/paint/theme_painter_default.cc@blink::GetContrastingColorFor
third_party/blink/renderer/core/paint/theme_painter_default.cc@blink::CalculateColorSchemeForAccentColor
third_party/blink/renderer/core/paint/theme_painter_default.cc@blink::GetColorSchemeForAccentColor
third_party/blink/renderer/core/paint/theme_painter_default.cc@DirectionFlippingScope::DirectionFlippingScope
third_party/blink/renderer/core/paint/theme_painter_default.cc@DirectionFlippingScope::~DirectionFlippingScope
third_party/blink/renderer/core/paint/theme_painter_default.cc@blink::DeterminateProgressValueRectFor
third_party/blink/renderer/core/paint/theme_painter_default.cc@blink::IndeterminateProgressValueRectFor
third_party/blink/renderer/core/paint/theme_painter_default.cc@blink::ProgressValueRectFor
third_party/blink/renderer/core/paint/theme_painter_default.cc@blink::GetAccentColor
third_party/blink/renderer/core/paint/theme_painter_default.cc@ThemePainterDefault::PaintCheckbox
third_party/blink/renderer/core/paint/theme_painter_default.cc@ThemePainterDefault::PaintRadio
third_party/blink/renderer/core/paint/theme_painter_default.cc@ThemePainterDefault::PaintButton
third_party/blink/renderer/core/paint/theme_painter_default.cc@ThemePainterDefault::PaintTextField
third_party/blink/renderer/core/paint/theme_painter_default.cc@ThemePainterDefault::PaintMenuList
third_party/blink/renderer/core/paint/theme_painter_default.cc@ThemePainterDefault::PaintMenuListButton
third_party/blink/renderer/core/paint/theme_painter_default.cc@ThemePainterDefault::SetupMenuListArrow
third_party/blink/renderer/core/paint/theme_painter_default.cc@ThemePainterDefault::PaintSliderTrack
third_party/blink/renderer/core/paint/theme_painter_default.cc@ThemePainterDefault::PaintSliderThumb
third_party/blink/renderer/core/paint/theme_painter_default.cc@ThemePainterDefault::PaintInnerSpinButton
third_party/blink/renderer/core/paint/theme_painter_default.cc@ThemePainterDefault::PaintProgressBar
third_party/blink/renderer/core/paint/theme_painter_default.cc@ThemePainterDefault::PaintTextArea
third_party/blink/renderer/core/paint/theme_painter_default.cc@ThemePainterDefault::PaintSearchField
third_party/blink/renderer/core/paint/theme_painter_default.cc@ThemePainterDefault::PaintSearchFieldCancelButton
third_party/blink/renderer/core/paint/theme_painter_default.cc@ThemePainterDefault::ApplyZoomToRect
third_party/blink/renderer/core/paint/theme_painter_default.cc@IsIndeterminate
third_party/blink/renderer/core/paint/theme_painter_default.cc@IsChecked
third_party/blink/renderer/core/paint/theme_painter_default.cc@GetWebThemeState
third_party/blink/renderer/core/paint/theme_painter_default.cc@GetContrastingColorFor
third_party/blink/renderer/core/paint/theme_painter_default.cc@CalculateColorSchemeForAccentColor
third_party/blink/renderer/core/paint/theme_painter_default.cc@GetColorSchemeForAccentColor
third_party/blink/renderer/core/paint/theme_painter_default.cc@CalculateColorSchemeForAccentColor@161
third_party/blink/renderer/core/paint/theme_painter_default.cc@DeterminateProgressValueRectFor
third_party/blink/renderer/core/paint/theme_painter_default.cc@IndeterminateProgressValueRectFor
third_party/blink/renderer/core/paint/theme_painter_default.cc@ProgressValueRectFor
third_party/blink/renderer/core/paint/theme_painter_default.cc@GetAccentColor
third_party/blink/renderer/core/paint/theme_painter_default.cc@color_utils::BlendForMinContrast
third_party/blink/renderer/core/paint/theme_painter_default.cc@painting_rect
# blink/renderer/core/paint/text_painter.cc  (third_party/blink/renderer/core/paint/text_painter.cc, 37 fns)
third_party/blink/renderer/core/paint/text_painter.cc@SelectionStyleScope::SelectionStyleScope
third_party/blink/renderer/core/paint/text_painter.cc@SelectionStyleScope::~SelectionStyleScope
third_party/blink/renderer/core/paint/text_painter.cc@blink::CreateDrawLooper
third_party/blink/renderer/core/paint/text_painter.cc@blink::UpdateGraphicsContext
third_party/blink/renderer/core/paint/text_painter.cc@blink::PrepareStrokeGeometry
third_party/blink/renderer/core/paint/text_painter.cc@blink::PrepareTextShadow
third_party/blink/renderer/core/paint/text_painter.cc@blink::PrepareSvgPaints
third_party/blink/renderer/core/paint/text_painter.cc@blink::OrderPaints
third_party/blink/renderer/core/paint/text_painter.cc@blink::DrawPaintOrderPasses
third_party/blink/renderer/core/paint/text_painter.cc@TextPainter::Paint
third_party/blink/renderer/core/paint/text_painter.cc@TextPainter::PaintSelectedText
third_party/blink/renderer/core/paint/text_painter.cc@TextPainter::SetEmphasisMark
third_party/blink/renderer/core/paint/text_painter.cc@TextPainter::PaintDecorationLine
third_party/blink/renderer/core/paint/text_painter.cc@TextPainter::ClipDecorationLine
third_party/blink/renderer/core/paint/text_painter.cc@TextPainter::PaintSvgTextFragment
third_party/blink/renderer/core/paint/text_painter.cc@TextPainter::SetSvgState
third_party/blink/renderer/core/paint/text_painter.cc@TextPainter::SetSvgState@627
third_party/blink/renderer/core/paint/text_painter.cc@TextPainter::TextColorForWhiteBackground
third_party/blink/renderer/core/paint/text_painter.cc@TextPainter::TextPaintingStyle
third_party/blink/renderer/core/paint/text_painter.cc@TextPainter::SvgTextPaintState::SvgTextPaintState
third_party/blink/renderer/core/paint/text_painter.cc@TextPainter::SvgTextPaintState::SvgTextPaintState@702
third_party/blink/renderer/core/paint/text_painter.cc@TextPainter::SvgTextPaintState::TextDecorationObject
third_party/blink/renderer/core/paint/text_painter.cc@TextPainter::SvgTextPaintState::EnsureShaderTransform
third_party/blink/renderer/core/paint/text_painter.cc@TextPainter::SvgTextPaintState::GetShaderTransform
third_party/blink/renderer/core/paint/text_painter.cc@CreateDrawLooper
third_party/blink/renderer/core/paint/text_painter.cc@UpdateGraphicsContext
third_party/blink/renderer/core/paint/text_painter.cc@PrepareStrokeGeometry
third_party/blink/renderer/core/paint/text_painter.cc@SVGLayoutSupport::ApplyStrokeStyleToStrokeData
third_party/blink/renderer/core/paint/text_painter.cc@PrepareTextShadow
third_party/blink/renderer/core/paint/text_painter.cc@PrepareSvgPaints
third_party/blink/renderer/core/paint/text_painter.cc@OrderPaints
third_party/blink/renderer/core/paint/text_painter.cc@paint_order_array
third_party/blink/renderer/core/paint/text_painter.cc@DrawPaintOrderPasses
third_party/blink/renderer/core/paint/text_painter.cc@svg_text_auto_dark_mode
third_party/blink/renderer/core/paint/text_painter.cc@RuntimeEnabledFeatures::CSSTextDecorationSkipInkAllEnabled
third_party/blink/renderer/core/paint/text_painter.cc@clip_rect
third_party/blink/renderer/core/paint/text_painter.cc@BoxPainterBase::ShouldForceWhiteBackgroundForPrintEconomy
# cc/paint/paint_shader.cc  (cc/paint/paint_shader.cc, 36 fns)
cc/paint/paint_shader.cc@cc::ToSkPicture
cc/paint/paint_shader.cc@cc::CompareMatricesForTesting
cc/paint/paint_shader.cc@PaintShader::MakeEmpty
cc/paint/paint_shader.cc@PaintShader::MakeColor
cc/paint/paint_shader.cc@PaintShader::MakeLinearGradient
cc/paint/paint_shader.cc@PaintShader::MakeRadialGradient
cc/paint/paint_shader.cc@PaintShader::MakeTwoPointConicalGradient
cc/paint/paint_shader.cc@PaintShader::MakeSweepGradient
cc/paint/paint_shader.cc@PaintShader::MakeImage
cc/paint/paint_shader.cc@PaintShader::MakePaintRecord
cc/paint/paint_shader.cc@PaintShader::MakeSkSLCommand
cc/paint/paint_shader.cc@PaintShader::GetSerializedSize
cc/paint/paint_shader.cc@PaintShader::HasDiscardableImages
cc/paint/paint_shader.cc@PaintShader::GetClampedRasterizationTileRect
cc/paint/paint_shader.cc@PaintShader::CreateScaledPaintRecord
cc/paint/paint_shader.cc@PaintShader::CreatePaintWorkletRecord
cc/paint/paint_shader.cc@PaintShader::CreateDecodedImage
cc/paint/paint_shader.cc@PaintShader::GetSkShader
cc/paint/paint_shader.cc@PaintShader::ResolveSkObjects
cc/paint/paint_shader.cc@PaintShader::SetColorsAndPositions
cc/paint/paint_shader.cc@PaintShader::SetMatrixAndTiling
cc/paint/paint_shader.cc@PaintShader::SetFlagsAndFallback
cc/paint/paint_shader.cc@PaintShader::IsOpaque
cc/paint/paint_shader.cc@PaintShader::IsValid
cc/paint/paint_shader.cc@PaintShader::EqualsForTesting
cc/paint/paint_shader.cc@PaintShader::MatchingCachedRuntimeEffectForTesting
cc/paint/paint_shader.cc@ToSkPicture
cc/paint/paint_shader.cc@CompareMatricesForTesting
cc/paint/paint_shader.cc@PaintOpWriter::SerializedSize
cc/paint/paint_shader.cc@draw_image
cc/paint/paint_shader.cc@PaintImageBuilder::WithDefault
cc/paint/paint_shader.cc@sampling
cc/paint/paint_shader.cc@SkShaders::LinearGradient
cc/paint/paint_shader.cc@SkShaders::RadialGradient
cc/paint/paint_shader.cc@SkShaders::TwoPointConicalGradient
cc/paint/paint_shader.cc@SkShaders::SweepGradient
