# codex-rs/core/src/tools/registry.rs  (codex-main.zip!codex-main/codex-rs/core/src/tools/registry.rs, 40 fns)
codex-main.zip!codex-main/codex-rs/core/src/tools/registry.rs@CoreToolRuntime::matches_kind
codex-main.zip!codex-main/codex-rs/core/src/tools/registry.rs@CoreToolRuntime::telemetry_tags
codex-main.zip!codex-main/codex-rs/core/src/tools/registry.rs@CoreToolRuntime::post_tool_use_payload
codex-main.zip!codex-main/codex-rs/core/src/tools/registry.rs@CoreToolRuntime::pre_tool_use_payload
codex-main.zip!codex-main/codex-rs/core/src/tools/registry.rs@CoreToolRuntime::with_updated_hook_input
codex-main.zip!codex-main/codex-rs/core/src/tools/registry.rs@AnyToolResult::into_response
codex-main.zip!codex-main/codex-rs/core/src/tools/registry.rs@AnyToolResult::code_mode_result
codex-main.zip!codex-main/codex-rs/core/src/tools/registry.rs@override_tool_exposure
codex-main.zip!codex-main/codex-rs/core/src/tools/registry.rs@ExposureOverride::handle
codex-main.zip!codex-main/codex-rs/core/src/tools/registry.rs@ExposureOverride::post_tool_use_payload
codex-main.zip!codex-main/codex-rs/core/src/tools/registry.rs@ExposureOverride::with_updated_hook_input
codex-main.zip!codex-main/codex-rs/core/src/tools/registry.rs@ExposureOverride::telemetry_tags
codex-main.zip!codex-main/codex-rs/core/src/tools/registry.rs@ToolRegistry::from_tools
codex-main.zip!codex-main/codex-rs/core/src/tools/registry.rs@ToolRegistry::with_handler_for_test
codex-main.zip!codex-main/codex-rs/core/src/tools/registry.rs@ToolRegistry::tool_names_for_test
codex-main.zip!codex-main/codex-rs/core/src/tools/registry.rs@ToolRegistry::create_diff_consumer
codex-main.zip!codex-main/codex-rs/core/src/tools/registry.rs@ToolRegistry::supports_parallel_tool_calls
codex-main.zip!codex-main/codex-rs/core/src/tools/registry.rs@ToolRegistry::dispatch_any
codex-main.zip!codex-main/codex-rs/core/src/tools/registry.rs@ToolRegistry::dispatch_any_with_terminal_outcome
codex-main.zip!codex-main/codex-rs/core/src/tools/registry.rs@handle_any_tool
codex-main.zip!codex-main/codex-rs/core/src/tools/registry.rs@function_hook_tool_name
codex-main.zip!codex-main/codex-rs/core/src/tools/registry.rs@function_hook_tool_input
codex-main.zip!codex-main/codex-rs/core/src/tools/registry.rs@unsupported_tool_call_message
codex-main.zip!codex-main/codex-rs/core/src/tools/registry.rs@search_info
codex-main.zip!codex-main/codex-rs/core/src/tools/registry.rs@matches_kind
codex-main.zip!codex-main/codex-rs/core/src/tools/registry.rs@telemetry_tags
codex-main.zip!codex-main/codex-rs/core/src/tools/registry.rs@post_tool_use_payload
codex-main.zip!codex-main/codex-rs/core/src/tools/registry.rs@pre_tool_use_payload
codex-main.zip!codex-main/codex-rs/core/src/tools/registry.rs@with_updated_hook_input
codex-main.zip!codex-main/codex-rs/core/src/tools/registry.rs@create_diff_consumer
codex-main.zip!codex-main/codex-rs/core/src/tools/registry.rs@consume_diff
codex-main.zip!codex-main/codex-rs/core/src/tools/registry.rs@finish
codex-main.zip!codex-main/codex-rs/core/src/tools/registry.rs@ToolOutput::log_preview
codex-main.zip!codex-main/codex-rs/core/src/tools/registry.rs@ToolOutput::success_for_logging
codex-main.zip!codex-main/codex-rs/core/src/tools/registry.rs@ToolOutput::to_response_item
codex-main.zip!codex-main/codex-rs/core/src/tools/registry.rs@ToolOutput::code_mode_result
codex-main.zip!codex-main/codex-rs/core/src/tools/registry.rs@ToolExecutor::tool_name
codex-main.zip!codex-main/codex-rs/core/src/tools/registry.rs@ToolExecutor::exposure
codex-main.zip!codex-main/codex-rs/core/src/tools/registry.rs@ToolExecutor::supports_parallel_tool_calls
codex-main.zip!codex-main/codex-rs/core/src/tools/registry.rs@ToolExecutor::handle
# codex-rs/core/src/agent/control.rs  (codex-main.zip!codex-main/codex-rs/core/src/agent/control.rs, 40 fns)
codex-main.zip!codex-main/codex-rs/core/src/agent/control.rs@default_agent_nickname_list
codex-main.zip!codex-main/codex-rs/core/src/agent/control.rs@agent_nickname_candidates
codex-main.zip!codex-main/codex-rs/core/src/agent/control.rs@keep_forked_rollout_item
codex-main.zip!codex-main/codex-rs/core/src/agent/control.rs@is_multi_agent_v2_usage_hint_message
codex-main.zip!codex-main/codex-rs/core/src/agent/control.rs@AgentControl::with_session_id
codex-main.zip!codex-main/codex-rs/core/src/agent/control.rs@AgentControl::spawn_agent
codex-main.zip!codex-main/codex-rs/core/src/agent/control.rs@AgentControl::spawn_agent_with_metadata
codex-main.zip!codex-main/codex-rs/core/src/agent/control.rs@AgentControl::spawn_agent_internal
codex-main.zip!codex-main/codex-rs/core/src/agent/control.rs@AgentControl::spawn_forked_thread
codex-main.zip!codex-main/codex-rs/core/src/agent/control.rs@AgentControl::resume_agent_from_rollout
codex-main.zip!codex-main/codex-rs/core/src/agent/control.rs@AgentControl::resume_single_agent_from_rollout
codex-main.zip!codex-main/codex-rs/core/src/agent/control.rs@AgentControl::send_input
codex-main.zip!codex-main/codex-rs/core/src/agent/control.rs@AgentControl::append_message
codex-main.zip!codex-main/codex-rs/core/src/agent/control.rs@AgentControl::send_inter_agent_communication
codex-main.zip!codex-main/codex-rs/core/src/agent/control.rs@AgentControl::interrupt_agent
codex-main.zip!codex-main/codex-rs/core/src/agent/control.rs@AgentControl::handle_thread_request_result
codex-main.zip!codex-main/codex-rs/core/src/agent/control.rs@AgentControl::shutdown_live_agent
codex-main.zip!codex-main/codex-rs/core/src/agent/control.rs@AgentControl::close_agent
codex-main.zip!codex-main/codex-rs/core/src/agent/control.rs@AgentControl::shutdown_agent_tree
codex-main.zip!codex-main/codex-rs/core/src/agent/control.rs@AgentControl::get_status
codex-main.zip!codex-main/codex-rs/core/src/agent/control.rs@AgentControl::register_session_root
codex-main.zip!codex-main/codex-rs/core/src/agent/control.rs@AgentControl::list_live_agent_subtree_thread_ids
codex-main.zip!codex-main/codex-rs/core/src/agent/control.rs@AgentControl::get_agent_config_snapshot
codex-main.zip!codex-main/codex-rs/core/src/agent/control.rs@AgentControl::resolve_agent_reference
codex-main.zip!codex-main/codex-rs/core/src/agent/control.rs@AgentControl::subscribe_status
codex-main.zip!codex-main/codex-rs/core/src/agent/control.rs@AgentControl::format_environment_context_subagents
codex-main.zip!codex-main/codex-rs/core/src/agent/control.rs@AgentControl::list_agents
codex-main.zip!codex-main/codex-rs/core/src/agent/control.rs@AgentControl::maybe_start_completion_watcher
codex-main.zip!codex-main/codex-rs/core/src/agent/control.rs@AgentControl::prepare_thread_spawn
codex-main.zip!codex-main/codex-rs/core/src/agent/control.rs@AgentControl::upgrade
codex-main.zip!codex-main/codex-rs/core/src/agent/control.rs@AgentControl::inherited_shell_snapshot_for_source
codex-main.zip!codex-main/codex-rs/core/src/agent/control.rs@AgentControl::inherited_exec_policy_for_source
codex-main.zip!codex-main/codex-rs/core/src/agent/control.rs@AgentControl::open_thread_spawn_children
codex-main.zip!codex-main/codex-rs/core/src/agent/control.rs@AgentControl::live_thread_spawn_children
codex-main.zip!codex-main/codex-rs/core/src/agent/control.rs@AgentControl::persist_thread_spawn_edge_for_source
codex-main.zip!codex-main/codex-rs/core/src/agent/control.rs@AgentControl::live_thread_spawn_descendants
codex-main.zip!codex-main/codex-rs/core/src/agent/control.rs@thread_spawn_parent_thread_id
codex-main.zip!codex-main/codex-rs/core/src/agent/control.rs@agent_matches_prefix
codex-main.zip!codex-main/codex-rs/core/src/agent/control.rs@render_input_preview
codex-main.zip!codex-main/codex-rs/core/src/agent/control.rs@thread_spawn_depth
# codex-rs/rmcp-client/src/oauth.rs  (codex-main.zip!codex-main/codex-rs/rmcp-client/src/oauth.rs, 39 fns)
codex-main.zip!codex-main/codex-rs/rmcp-client/src/oauth.rs@WrappedOAuthTokenResponse::eq
codex-main.zip!codex-main/codex-rs/rmcp-client/src/oauth.rs@load_oauth_tokens
codex-main.zip!codex-main/codex-rs/rmcp-client/src/oauth.rs@has_oauth_tokens
codex-main.zip!codex-main/codex-rs/rmcp-client/src/oauth.rs@refresh_expires_in_from_timestamp
codex-main.zip!codex-main/codex-rs/rmcp-client/src/oauth.rs@load_oauth_tokens_from_keyring_with_fallback_to_file
codex-main.zip!codex-main/codex-rs/rmcp-client/src/oauth.rs@load_oauth_tokens_from_keyring
codex-main.zip!codex-main/codex-rs/rmcp-client/src/oauth.rs@save_oauth_tokens
codex-main.zip!codex-main/codex-rs/rmcp-client/src/oauth.rs@save_oauth_tokens_with_keyring
codex-main.zip!codex-main/codex-rs/rmcp-client/src/oauth.rs@save_oauth_tokens_with_keyring_with_fallback_to_file
codex-main.zip!codex-main/codex-rs/rmcp-client/src/oauth.rs@delete_oauth_tokens
codex-main.zip!codex-main/codex-rs/rmcp-client/src/oauth.rs@delete_oauth_tokens_from_keyring_and_file
codex-main.zip!codex-main/codex-rs/rmcp-client/src/oauth.rs@OAuthPersistor::persist_if_needed
codex-main.zip!codex-main/codex-rs/rmcp-client/src/oauth.rs@OAuthPersistor::refresh_if_needed
codex-main.zip!codex-main/codex-rs/rmcp-client/src/oauth.rs@load_oauth_tokens_from_file
codex-main.zip!codex-main/codex-rs/rmcp-client/src/oauth.rs@save_oauth_tokens_to_file
codex-main.zip!codex-main/codex-rs/rmcp-client/src/oauth.rs@delete_oauth_tokens_from_file
codex-main.zip!codex-main/codex-rs/rmcp-client/src/oauth.rs@compute_expires_at_millis
codex-main.zip!codex-main/codex-rs/rmcp-client/src/oauth.rs@expires_in_from_timestamp
codex-main.zip!codex-main/codex-rs/rmcp-client/src/oauth.rs@token_needs_refresh
codex-main.zip!codex-main/codex-rs/rmcp-client/src/oauth.rs@compute_store_key
codex-main.zip!codex-main/codex-rs/rmcp-client/src/oauth.rs@read_fallback_file
codex-main.zip!codex-main/codex-rs/rmcp-client/src/oauth.rs@write_fallback_file
codex-main.zip!codex-main/codex-rs/rmcp-client/src/oauth.rs@sha_256_prefix
codex-main.zip!codex-main/codex-rs/rmcp-client/src/oauth.rs@TempCodexHome::drop
codex-main.zip!codex-main/codex-rs/rmcp-client/src/oauth.rs@load_oauth_tokens_reads_from_keyring_when_available
codex-main.zip!codex-main/codex-rs/rmcp-client/src/oauth.rs@load_oauth_tokens_falls_back_when_missing_in_keyring
codex-main.zip!codex-main/codex-rs/rmcp-client/src/oauth.rs@load_oauth_tokens_falls_back_when_keyring_errors
codex-main.zip!codex-main/codex-rs/rmcp-client/src/oauth.rs@save_oauth_tokens_prefers_keyring_when_available
codex-main.zip!codex-main/codex-rs/rmcp-client/src/oauth.rs@save_oauth_tokens_writes_fallback_when_keyring_fails
codex-main.zip!codex-main/codex-rs/rmcp-client/src/oauth.rs@delete_oauth_tokens_removes_all_storage
codex-main.zip!codex-main/codex-rs/rmcp-client/src/oauth.rs@delete_oauth_tokens_file_mode_removes_keyring_only_entry
codex-main.zip!codex-main/codex-rs/rmcp-client/src/oauth.rs@delete_oauth_tokens_propagates_keyring_errors
codex-main.zip!codex-main/codex-rs/rmcp-client/src/oauth.rs@refresh_expires_in_from_timestamp_restores_future_durations
codex-main.zip!codex-main/codex-rs/rmcp-client/src/oauth.rs@refresh_expires_in_from_timestamp_clears_expired_tokens
codex-main.zip!codex-main/codex-rs/rmcp-client/src/oauth.rs@assert_tokens_match_without_expiry
codex-main.zip!codex-main/codex-rs/rmcp-client/src/oauth.rs@assert_token_response_match_without_expiry
codex-main.zip!codex-main/codex-rs/rmcp-client/src/oauth.rs@sample_tokens
codex-main.zip!codex-main/codex-rs/rmcp-client/src/oauth.rs@PartialEq::eq
codex-main.zip!codex-main/codex-rs/rmcp-client/src/oauth.rs@Drop::drop
