# libavcodec/bytestream.h  — bytestream2: bounds-checked in-memory byte reader/writer (24 fns)
FFmpeg-FFmpeg-n8.2-dev-2494-gd09db42.tar.gz!FFmpeg-FFmpeg-d09db42/libavcodec/bytestream.h@bytestream2_init
FFmpeg-FFmpeg-n8.2-dev-2494-gd09db42.tar.gz!FFmpeg-FFmpeg-d09db42/libavcodec/bytestream.h@bytestream2_init_writer
FFmpeg-FFmpeg-n8.2-dev-2494-gd09db42.tar.gz!FFmpeg-FFmpeg-d09db42/libavcodec/bytestream.h@bytestream2_get_bytes_left
FFmpeg-FFmpeg-n8.2-dev-2494-gd09db42.tar.gz!FFmpeg-FFmpeg-d09db42/libavcodec/bytestream.h@bytestream2_get_bytes_left_p
FFmpeg-FFmpeg-n8.2-dev-2494-gd09db42.tar.gz!FFmpeg-FFmpeg-d09db42/libavcodec/bytestream.h@bytestream2_skip
FFmpeg-FFmpeg-n8.2-dev-2494-gd09db42.tar.gz!FFmpeg-FFmpeg-d09db42/libavcodec/bytestream.h@bytestream2_skipu
FFmpeg-FFmpeg-n8.2-dev-2494-gd09db42.tar.gz!FFmpeg-FFmpeg-d09db42/libavcodec/bytestream.h@bytestream2_skip_p
FFmpeg-FFmpeg-n8.2-dev-2494-gd09db42.tar.gz!FFmpeg-FFmpeg-d09db42/libavcodec/bytestream.h@bytestream2_tell
FFmpeg-FFmpeg-n8.2-dev-2494-gd09db42.tar.gz!FFmpeg-FFmpeg-d09db42/libavcodec/bytestream.h@bytestream2_tell_p
FFmpeg-FFmpeg-n8.2-dev-2494-gd09db42.tar.gz!FFmpeg-FFmpeg-d09db42/libavcodec/bytestream.h@bytestream2_size
FFmpeg-FFmpeg-n8.2-dev-2494-gd09db42.tar.gz!FFmpeg-FFmpeg-d09db42/libavcodec/bytestream.h@bytestream2_size_p
FFmpeg-FFmpeg-n8.2-dev-2494-gd09db42.tar.gz!FFmpeg-FFmpeg-d09db42/libavcodec/bytestream.h@bytestream2_seek
FFmpeg-FFmpeg-n8.2-dev-2494-gd09db42.tar.gz!FFmpeg-FFmpeg-d09db42/libavcodec/bytestream.h@bytestream2_seek_p
FFmpeg-FFmpeg-n8.2-dev-2494-gd09db42.tar.gz!FFmpeg-FFmpeg-d09db42/libavcodec/bytestream.h@bytestream2_get_buffer
FFmpeg-FFmpeg-n8.2-dev-2494-gd09db42.tar.gz!FFmpeg-FFmpeg-d09db42/libavcodec/bytestream.h@bytestream2_get_bufferu
FFmpeg-FFmpeg-n8.2-dev-2494-gd09db42.tar.gz!FFmpeg-FFmpeg-d09db42/libavcodec/bytestream.h@bytestream2_put_buffer
FFmpeg-FFmpeg-n8.2-dev-2494-gd09db42.tar.gz!FFmpeg-FFmpeg-d09db42/libavcodec/bytestream.h@bytestream2_put_bufferu
FFmpeg-FFmpeg-n8.2-dev-2494-gd09db42.tar.gz!FFmpeg-FFmpeg-d09db42/libavcodec/bytestream.h@bytestream2_set_buffer
FFmpeg-FFmpeg-n8.2-dev-2494-gd09db42.tar.gz!FFmpeg-FFmpeg-d09db42/libavcodec/bytestream.h@bytestream2_set_bufferu
FFmpeg-FFmpeg-n8.2-dev-2494-gd09db42.tar.gz!FFmpeg-FFmpeg-d09db42/libavcodec/bytestream.h@bytestream2_get_eof
FFmpeg-FFmpeg-n8.2-dev-2494-gd09db42.tar.gz!FFmpeg-FFmpeg-d09db42/libavcodec/bytestream.h@bytestream2_copy_buffer
FFmpeg-FFmpeg-n8.2-dev-2494-gd09db42.tar.gz!FFmpeg-FFmpeg-d09db42/libavcodec/bytestream.h@bytestream2_copy_bufferu
FFmpeg-FFmpeg-n8.2-dev-2494-gd09db42.tar.gz!FFmpeg-FFmpeg-d09db42/libavcodec/bytestream.h@bytestream_get_buffer
FFmpeg-FFmpeg-n8.2-dev-2494-gd09db42.tar.gz!FFmpeg-FFmpeg-d09db42/libavcodec/bytestream.h@bytestream_put_buffer
# libavformat/aviobuf.c  — AVIO: buffered stream I/O, read/write/seek families (42 fns)
FFmpeg-FFmpeg-n8.2-dev-2494-gd09db42.tar.gz!FFmpeg-FFmpeg-d09db42/libavformat/aviobuf.c@ffio_init_context
FFmpeg-FFmpeg-n8.2-dev-2494-gd09db42.tar.gz!FFmpeg-FFmpeg-d09db42/libavformat/aviobuf.c@avio_alloc_context
FFmpeg-FFmpeg-n8.2-dev-2494-gd09db42.tar.gz!FFmpeg-FFmpeg-d09db42/libavformat/aviobuf.c@avio_context_free
FFmpeg-FFmpeg-n8.2-dev-2494-gd09db42.tar.gz!FFmpeg-FFmpeg-d09db42/libavformat/aviobuf.c@writeout
FFmpeg-FFmpeg-n8.2-dev-2494-gd09db42.tar.gz!FFmpeg-FFmpeg-d09db42/libavformat/aviobuf.c@flush_buffer
FFmpeg-FFmpeg-n8.2-dev-2494-gd09db42.tar.gz!FFmpeg-FFmpeg-d09db42/libavformat/aviobuf.c@avio_w8
FFmpeg-FFmpeg-n8.2-dev-2494-gd09db42.tar.gz!FFmpeg-FFmpeg-d09db42/libavformat/aviobuf.c@ffio_fill
FFmpeg-FFmpeg-n8.2-dev-2494-gd09db42.tar.gz!FFmpeg-FFmpeg-d09db42/libavformat/aviobuf.c@avio_write
FFmpeg-FFmpeg-n8.2-dev-2494-gd09db42.tar.gz!FFmpeg-FFmpeg-d09db42/libavformat/aviobuf.c@avio_flush
FFmpeg-FFmpeg-n8.2-dev-2494-gd09db42.tar.gz!FFmpeg-FFmpeg-d09db42/libavformat/aviobuf.c@avio_seek
FFmpeg-FFmpeg-n8.2-dev-2494-gd09db42.tar.gz!FFmpeg-FFmpeg-d09db42/libavformat/aviobuf.c@avio_skip
FFmpeg-FFmpeg-n8.2-dev-2494-gd09db42.tar.gz!FFmpeg-FFmpeg-d09db42/libavformat/aviobuf.c@avio_size
FFmpeg-FFmpeg-n8.2-dev-2494-gd09db42.tar.gz!FFmpeg-FFmpeg-d09db42/libavformat/aviobuf.c@avio_feof
FFmpeg-FFmpeg-n8.2-dev-2494-gd09db42.tar.gz!FFmpeg-FFmpeg-d09db42/libavformat/aviobuf.c@avio_wl32
FFmpeg-FFmpeg-n8.2-dev-2494-gd09db42.tar.gz!FFmpeg-FFmpeg-d09db42/libavformat/aviobuf.c@avio_wb32
FFmpeg-FFmpeg-n8.2-dev-2494-gd09db42.tar.gz!FFmpeg-FFmpeg-d09db42/libavformat/aviobuf.c@avio_put_str
FFmpeg-FFmpeg-n8.2-dev-2494-gd09db42.tar.gz!FFmpeg-FFmpeg-d09db42/libavformat/aviobuf.c@avio_wl64
FFmpeg-FFmpeg-n8.2-dev-2494-gd09db42.tar.gz!FFmpeg-FFmpeg-d09db42/libavformat/aviobuf.c@avio_wb64
FFmpeg-FFmpeg-n8.2-dev-2494-gd09db42.tar.gz!FFmpeg-FFmpeg-d09db42/libavformat/aviobuf.c@avio_wl16
FFmpeg-FFmpeg-n8.2-dev-2494-gd09db42.tar.gz!FFmpeg-FFmpeg-d09db42/libavformat/aviobuf.c@avio_wb16
FFmpeg-FFmpeg-n8.2-dev-2494-gd09db42.tar.gz!FFmpeg-FFmpeg-d09db42/libavformat/aviobuf.c@avio_wl24
FFmpeg-FFmpeg-n8.2-dev-2494-gd09db42.tar.gz!FFmpeg-FFmpeg-d09db42/libavformat/aviobuf.c@avio_wb24
FFmpeg-FFmpeg-n8.2-dev-2494-gd09db42.tar.gz!FFmpeg-FFmpeg-d09db42/libavformat/aviobuf.c@avio_write_marker
FFmpeg-FFmpeg-n8.2-dev-2494-gd09db42.tar.gz!FFmpeg-FFmpeg-d09db42/libavformat/aviobuf.c@fill_buffer
FFmpeg-FFmpeg-n8.2-dev-2494-gd09db42.tar.gz!FFmpeg-FFmpeg-d09db42/libavformat/aviobuf.c@avio_r8
FFmpeg-FFmpeg-n8.2-dev-2494-gd09db42.tar.gz!FFmpeg-FFmpeg-d09db42/libavformat/aviobuf.c@avio_read
FFmpeg-FFmpeg-n8.2-dev-2494-gd09db42.tar.gz!FFmpeg-FFmpeg-d09db42/libavformat/aviobuf.c@ffio_read_size
FFmpeg-FFmpeg-n8.2-dev-2494-gd09db42.tar.gz!FFmpeg-FFmpeg-d09db42/libavformat/aviobuf.c@avio_read_partial
FFmpeg-FFmpeg-n8.2-dev-2494-gd09db42.tar.gz!FFmpeg-FFmpeg-d09db42/libavformat/aviobuf.c@avio_rl16
FFmpeg-FFmpeg-n8.2-dev-2494-gd09db42.tar.gz!FFmpeg-FFmpeg-d09db42/libavformat/aviobuf.c@avio_rl24
FFmpeg-FFmpeg-n8.2-dev-2494-gd09db42.tar.gz!FFmpeg-FFmpeg-d09db42/libavformat/aviobuf.c@avio_rl32
FFmpeg-FFmpeg-n8.2-dev-2494-gd09db42.tar.gz!FFmpeg-FFmpeg-d09db42/libavformat/aviobuf.c@avio_rl64
FFmpeg-FFmpeg-n8.2-dev-2494-gd09db42.tar.gz!FFmpeg-FFmpeg-d09db42/libavformat/aviobuf.c@avio_rb16
FFmpeg-FFmpeg-n8.2-dev-2494-gd09db42.tar.gz!FFmpeg-FFmpeg-d09db42/libavformat/aviobuf.c@avio_rb24
FFmpeg-FFmpeg-n8.2-dev-2494-gd09db42.tar.gz!FFmpeg-FFmpeg-d09db42/libavformat/aviobuf.c@avio_rb32
FFmpeg-FFmpeg-n8.2-dev-2494-gd09db42.tar.gz!FFmpeg-FFmpeg-d09db42/libavformat/aviobuf.c@avio_rb64
FFmpeg-FFmpeg-n8.2-dev-2494-gd09db42.tar.gz!FFmpeg-FFmpeg-d09db42/libavformat/aviobuf.c@avio_get_str
FFmpeg-FFmpeg-n8.2-dev-2494-gd09db42.tar.gz!FFmpeg-FFmpeg-d09db42/libavformat/aviobuf.c@ff_get_line
FFmpeg-FFmpeg-n8.2-dev-2494-gd09db42.tar.gz!FFmpeg-FFmpeg-d09db42/libavformat/aviobuf.c@ffio_read_varlen
FFmpeg-FFmpeg-n8.2-dev-2494-gd09db42.tar.gz!FFmpeg-FFmpeg-d09db42/libavformat/aviobuf.c@ffio_read_leb
FFmpeg-FFmpeg-n8.2-dev-2494-gd09db42.tar.gz!FFmpeg-FFmpeg-d09db42/libavformat/aviobuf.c@ffio_write_leb
FFmpeg-FFmpeg-n8.2-dev-2494-gd09db42.tar.gz!FFmpeg-FFmpeg-d09db42/libavformat/aviobuf.c@ffio_ensure_seekback
# libavutil/opt.c  — AVOptions: runtime option get/set/parse reflection (43 fns)
FFmpeg-FFmpeg-n8.2-dev-2494-gd09db42.tar.gz!FFmpeg-FFmpeg-d09db42/libavutil/opt.c@av_opt_next
FFmpeg-FFmpeg-n8.2-dev-2494-gd09db42.tar.gz!FFmpeg-FFmpeg-d09db42/libavutil/opt.c@opt_set_init
FFmpeg-FFmpeg-n8.2-dev-2494-gd09db42.tar.gz!FFmpeg-FFmpeg-d09db42/libavutil/opt.c@read_number
FFmpeg-FFmpeg-n8.2-dev-2494-gd09db42.tar.gz!FFmpeg-FFmpeg-d09db42/libavutil/opt.c@write_number
FFmpeg-FFmpeg-n8.2-dev-2494-gd09db42.tar.gz!FFmpeg-FFmpeg-d09db42/libavutil/opt.c@set_string_binary
FFmpeg-FFmpeg-n8.2-dev-2494-gd09db42.tar.gz!FFmpeg-FFmpeg-d09db42/libavutil/opt.c@set_string
FFmpeg-FFmpeg-n8.2-dev-2494-gd09db42.tar.gz!FFmpeg-FFmpeg-d09db42/libavutil/opt.c@set_string_number
FFmpeg-FFmpeg-n8.2-dev-2494-gd09db42.tar.gz!FFmpeg-FFmpeg-d09db42/libavutil/opt.c@set_string_bool
FFmpeg-FFmpeg-n8.2-dev-2494-gd09db42.tar.gz!FFmpeg-FFmpeg-d09db42/libavutil/opt.c@set_string_fmt
FFmpeg-FFmpeg-n8.2-dev-2494-gd09db42.tar.gz!FFmpeg-FFmpeg-d09db42/libavutil/opt.c@set_string_dict
FFmpeg-FFmpeg-n8.2-dev-2494-gd09db42.tar.gz!FFmpeg-FFmpeg-d09db42/libavutil/opt.c@set_format
FFmpeg-FFmpeg-n8.2-dev-2494-gd09db42.tar.gz!FFmpeg-FFmpeg-d09db42/libavutil/opt.c@opt_set_elem
FFmpeg-FFmpeg-n8.2-dev-2494-gd09db42.tar.gz!FFmpeg-FFmpeg-d09db42/libavutil/opt.c@opt_set_array
FFmpeg-FFmpeg-n8.2-dev-2494-gd09db42.tar.gz!FFmpeg-FFmpeg-d09db42/libavutil/opt.c@av_opt_set
FFmpeg-FFmpeg-n8.2-dev-2494-gd09db42.tar.gz!FFmpeg-FFmpeg-d09db42/libavutil/opt.c@set_number
FFmpeg-FFmpeg-n8.2-dev-2494-gd09db42.tar.gz!FFmpeg-FFmpeg-d09db42/libavutil/opt.c@av_opt_set_int
FFmpeg-FFmpeg-n8.2-dev-2494-gd09db42.tar.gz!FFmpeg-FFmpeg-d09db42/libavutil/opt.c@av_opt_set_double
FFmpeg-FFmpeg-n8.2-dev-2494-gd09db42.tar.gz!FFmpeg-FFmpeg-d09db42/libavutil/opt.c@av_opt_set_q
FFmpeg-FFmpeg-n8.2-dev-2494-gd09db42.tar.gz!FFmpeg-FFmpeg-d09db42/libavutil/opt.c@av_opt_set_bin
FFmpeg-FFmpeg-n8.2-dev-2494-gd09db42.tar.gz!FFmpeg-FFmpeg-d09db42/libavutil/opt.c@av_opt_set_image_size
FFmpeg-FFmpeg-n8.2-dev-2494-gd09db42.tar.gz!FFmpeg-FFmpeg-d09db42/libavutil/opt.c@av_opt_set_dict_val
FFmpeg-FFmpeg-n8.2-dev-2494-gd09db42.tar.gz!FFmpeg-FFmpeg-d09db42/libavutil/opt.c@av_opt_set_chlayout
FFmpeg-FFmpeg-n8.2-dev-2494-gd09db42.tar.gz!FFmpeg-FFmpeg-d09db42/libavutil/opt.c@format_duration
FFmpeg-FFmpeg-n8.2-dev-2494-gd09db42.tar.gz!FFmpeg-FFmpeg-d09db42/libavutil/opt.c@opt_get_elem
FFmpeg-FFmpeg-n8.2-dev-2494-gd09db42.tar.gz!FFmpeg-FFmpeg-d09db42/libavutil/opt.c@opt_get_array
FFmpeg-FFmpeg-n8.2-dev-2494-gd09db42.tar.gz!FFmpeg-FFmpeg-d09db42/libavutil/opt.c@av_opt_get
FFmpeg-FFmpeg-n8.2-dev-2494-gd09db42.tar.gz!FFmpeg-FFmpeg-d09db42/libavutil/opt.c@get_number
FFmpeg-FFmpeg-n8.2-dev-2494-gd09db42.tar.gz!FFmpeg-FFmpeg-d09db42/libavutil/opt.c@get_format
FFmpeg-FFmpeg-n8.2-dev-2494-gd09db42.tar.gz!FFmpeg-FFmpeg-d09db42/libavutil/opt.c@av_opt_get_int
FFmpeg-FFmpeg-n8.2-dev-2494-gd09db42.tar.gz!FFmpeg-FFmpeg-d09db42/libavutil/opt.c@av_opt_get_double
FFmpeg-FFmpeg-n8.2-dev-2494-gd09db42.tar.gz!FFmpeg-FFmpeg-d09db42/libavutil/opt.c@av_opt_get_q
FFmpeg-FFmpeg-n8.2-dev-2494-gd09db42.tar.gz!FFmpeg-FFmpeg-d09db42/libavutil/opt.c@av_opt_get_image_size
FFmpeg-FFmpeg-n8.2-dev-2494-gd09db42.tar.gz!FFmpeg-FFmpeg-d09db42/libavutil/opt.c@av_opt_get_dict_val
FFmpeg-FFmpeg-n8.2-dev-2494-gd09db42.tar.gz!FFmpeg-FFmpeg-d09db42/libavutil/opt.c@av_opt_flag_is_set
FFmpeg-FFmpeg-n8.2-dev-2494-gd09db42.tar.gz!FFmpeg-FFmpeg-d09db42/libavutil/opt.c@log_value
FFmpeg-FFmpeg-n8.2-dev-2494-gd09db42.tar.gz!FFmpeg-FFmpeg-d09db42/libavutil/opt.c@log_default
FFmpeg-FFmpeg-n8.2-dev-2494-gd09db42.tar.gz!FFmpeg-FFmpeg-d09db42/libavutil/opt.c@opt_list
FFmpeg-FFmpeg-n8.2-dev-2494-gd09db42.tar.gz!FFmpeg-FFmpeg-d09db42/libavutil/opt.c@av_opt_show2
FFmpeg-FFmpeg-n8.2-dev-2494-gd09db42.tar.gz!FFmpeg-FFmpeg-d09db42/libavutil/opt.c@av_opt_set_defaults2
FFmpeg-FFmpeg-n8.2-dev-2494-gd09db42.tar.gz!FFmpeg-FFmpeg-d09db42/libavutil/opt.c@parse_key_value_pair
FFmpeg-FFmpeg-n8.2-dev-2494-gd09db42.tar.gz!FFmpeg-FFmpeg-d09db42/libavutil/opt.c@av_set_options_string
