# langchain_core/vectorstores/base.py  — VectorStore ABSTRACT INTERFACE (the real mechanism: the base class)
langchain_core/vectorstores/base.py@VectorStore::add_texts
langchain_core/vectorstores/base.py@VectorStore::delete
langchain_core/vectorstores/base.py@VectorStore::adelete
langchain_core/vectorstores/base.py@VectorStore::get_by_ids
langchain_core/vectorstores/base.py@VectorStore::aget_by_ids
langchain_core/vectorstores/base.py@VectorStore::aadd_texts
langchain_core/vectorstores/base.py@VectorStore::add_documents
langchain_core/vectorstores/base.py@VectorStore::aadd_documents
langchain_core/vectorstores/base.py@VectorStore::search
langchain_core/vectorstores/base.py@VectorStore::asearch
langchain_core/vectorstores/base.py@VectorStore::similarity_search
langchain_core/vectorstores/base.py@VectorStore::_euclidean_relevance_score_fn
langchain_core/vectorstores/base.py@VectorStore::_select_relevance_score_fn
langchain_core/vectorstores/base.py@VectorStore::similarity_search_with_score
langchain_core/vectorstores/base.py@VectorStore::_similarity_search_with_relevance_scores
langchain_core/vectorstores/base.py@VectorStore::similarity_search_with_relevance_scores
langchain_core/vectorstores/base.py@VectorStore::asimilarity_search
langchain_core/vectorstores/base.py@VectorStore::similarity_search_by_vector
langchain_core/vectorstores/base.py@VectorStore::max_marginal_relevance_search
langchain_core/vectorstores/base.py@VectorStore::max_marginal_relevance_search_by_vector
langchain_core/vectorstores/base.py@VectorStore::from_documents
langchain_core/vectorstores/base.py@VectorStore::from_texts
langchain_core/vectorstores/base.py@VectorStore::as_retriever
# langchain_community/vectorstores/faiss.py  — FAISS backend (one concrete implementation)
langchain_community/vectorstores/faiss.py@FAISS::__init__
langchain_community/vectorstores/faiss.py@FAISS::_embed_documents
langchain_community/vectorstores/faiss.py@FAISS::_embed_query
langchain_community/vectorstores/faiss.py@FAISS::__add
langchain_community/vectorstores/faiss.py@FAISS::add_texts
langchain_community/vectorstores/faiss.py@FAISS::add_embeddings
langchain_community/vectorstores/faiss.py@FAISS::similarity_search_with_score_by_vector
langchain_community/vectorstores/faiss.py@FAISS::similarity_search_with_score
langchain_community/vectorstores/faiss.py@FAISS::similarity_search_by_vector
langchain_community/vectorstores/faiss.py@FAISS::similarity_search
langchain_community/vectorstores/faiss.py@FAISS::max_marginal_relevance_search_with_score_by_vector
langchain_community/vectorstores/faiss.py@FAISS::max_marginal_relevance_search_by_vector
langchain_community/vectorstores/faiss.py@FAISS::max_marginal_relevance_search
langchain_community/vectorstores/faiss.py@FAISS::delete
langchain_community/vectorstores/faiss.py@FAISS::merge_from
langchain_community/vectorstores/faiss.py@FAISS::__from
langchain_community/vectorstores/faiss.py@FAISS::from_texts
langchain_community/vectorstores/faiss.py@FAISS::from_embeddings
langchain_community/vectorstores/faiss.py@FAISS::save_local
langchain_community/vectorstores/faiss.py@FAISS::load_local
langchain_community/vectorstores/faiss.py@FAISS::deserialize_from_bytes
langchain_community/vectorstores/faiss.py@FAISS::_select_relevance_score_fn
langchain_community/vectorstores/faiss.py@FAISS::_create_filter_func
# langchain_community/vectorstores/elasticsearch.py  — Elasticsearch backend (another implementation)
langchain_community/vectorstores/elasticsearch.py@ElasticsearchStore::connect_to_elasticsearch
langchain_community/vectorstores/elasticsearch.py@ElasticsearchStore::similarity_search
langchain_community/vectorstores/elasticsearch.py@ElasticsearchStore::max_marginal_relevance_search
langchain_community/vectorstores/elasticsearch.py@ElasticsearchStore::_select_relevance_score_fn
langchain_community/vectorstores/elasticsearch.py@ElasticsearchStore::similarity_search_with_score
langchain_community/vectorstores/elasticsearch.py@ElasticsearchStore::_search
langchain_community/vectorstores/elasticsearch.py@ElasticsearchStore::delete
langchain_community/vectorstores/elasticsearch.py@ElasticsearchStore::_create_index_if_not_exists
langchain_community/vectorstores/elasticsearch.py@ElasticsearchStore::__add
langchain_community/vectorstores/elasticsearch.py@ElasticsearchStore::add_texts
langchain_community/vectorstores/elasticsearch.py@ElasticsearchStore::add_embeddings
langchain_community/vectorstores/elasticsearch.py@ElasticsearchStore::from_texts
langchain_community/vectorstores/elasticsearch.py@ElasticsearchStore::from_documents
langchain_community/vectorstores/elasticsearch.py@BaseRetrievalStrategy::query
langchain_community/vectorstores/elasticsearch.py@ApproxRetrievalStrategy::query
langchain_community/vectorstores/elasticsearch.py@ExactRetrievalStrategy::query
