# ppo/core_algos.py  (faithful-cot-main.zip!faithful-cot-main/train/verl/trainer/ppo/core_algos.py, 38 fns)
faithful-cot-main.zip!faithful-cot-main/train/verl/trainer/ppo/core_algos.py@register_policy_loss
faithful-cot-main.zip!faithful-cot-main/train/verl/trainer/ppo/core_algos.py@get_policy_loss_fn
faithful-cot-main.zip!faithful-cot-main/train/verl/trainer/ppo/core_algos.py@register_adv_est
faithful-cot-main.zip!faithful-cot-main/train/verl/trainer/ppo/core_algos.py@decorator@125
faithful-cot-main.zip!faithful-cot-main/train/verl/trainer/ppo/core_algos.py@get_adv_estimator_fn
faithful-cot-main.zip!faithful-cot-main/train/verl/trainer/ppo/core_algos.py@get_kl_controller
faithful-cot-main.zip!faithful-cot-main/train/verl/trainer/ppo/core_algos.py@compute_gae_advantage_return
faithful-cot-main.zip!faithful-cot-main/train/verl/trainer/ppo/core_algos.py@compute_grpo_outcome_advantage
faithful-cot-main.zip!faithful-cot-main/train/verl/trainer/ppo/core_algos.py@compute_grpo_vectorized_outcome_advantage
faithful-cot-main.zip!faithful-cot-main/train/verl/trainer/ppo/core_algos.py@compute_grpo_passk_outcome_advantage
faithful-cot-main.zip!faithful-cot-main/train/verl/trainer/ppo/core_algos.py@compute_reinforce_plus_plus_baseline_outcome_advantage
faithful-cot-main.zip!faithful-cot-main/train/verl/trainer/ppo/core_algos.py@compute_rloo_outcome_advantage
faithful-cot-main.zip!faithful-cot-main/train/verl/trainer/ppo/core_algos.py@compute_opo_outcome_advantage
faithful-cot-main.zip!faithful-cot-main/train/verl/trainer/ppo/core_algos.py@compute_reinforce_plus_plus_outcome_advantage
faithful-cot-main.zip!faithful-cot-main/train/verl/trainer/ppo/core_algos.py@compute_remax_outcome_advantage
faithful-cot-main.zip!faithful-cot-main/train/verl/trainer/ppo/core_algos.py@compute_gpg_outcome_advantage
faithful-cot-main.zip!faithful-cot-main/train/verl/trainer/ppo/core_algos.py@compute_rloo_vectorized_outcome_advantage
faithful-cot-main.zip!faithful-cot-main/train/verl/trainer/ppo/core_algos.py@compute_optimal_token_baseline_advantage
faithful-cot-main.zip!faithful-cot-main/train/verl/trainer/ppo/core_algos.py@compute_multi_turn_optimal_token_baseline_advantage
faithful-cot-main.zip!faithful-cot-main/train/verl/trainer/ppo/core_algos.py@compute_rewards
faithful-cot-main.zip!faithful-cot-main/train/verl/trainer/ppo/core_algos.py@agg_loss
faithful-cot-main.zip!faithful-cot-main/train/verl/trainer/ppo/core_algos.py@compute_policy_loss
faithful-cot-main.zip!faithful-cot-main/train/verl/trainer/ppo/core_algos.py@compute_policy_loss_vanilla
faithful-cot-main.zip!faithful-cot-main/train/verl/trainer/ppo/core_algos.py@compute_policy_loss_gspo
faithful-cot-main.zip!faithful-cot-main/train/verl/trainer/ppo/core_algos.py@compute_policy_loss_sapo
faithful-cot-main.zip!faithful-cot-main/train/verl/trainer/ppo/core_algos.py@compute_policy_loss_gpg
faithful-cot-main.zip!faithful-cot-main/train/verl/trainer/ppo/core_algos.py@compute_policy_loss_clip_cov
faithful-cot-main.zip!faithful-cot-main/train/verl/trainer/ppo/core_algos.py@compute_policy_loss_kl_cov
faithful-cot-main.zip!faithful-cot-main/train/verl/trainer/ppo/core_algos.py@compute_policy_loss_geo_mean
faithful-cot-main.zip!faithful-cot-main/train/verl/trainer/ppo/core_algos.py@compute_policy_loss_cispo
faithful-cot-main.zip!faithful-cot-main/train/verl/trainer/ppo/core_algos.py@compute_entropy_loss
faithful-cot-main.zip!faithful-cot-main/train/verl/trainer/ppo/core_algos.py@compute_value_loss
faithful-cot-main.zip!faithful-cot-main/train/verl/trainer/ppo/core_algos.py@kl_penalty
faithful-cot-main.zip!faithful-cot-main/train/verl/trainer/ppo/core_algos.py@kl_penalty_forward
faithful-cot-main.zip!faithful-cot-main/train/verl/trainer/ppo/core_algos.py@compute_pf_ppo_reweight_data
faithful-cot-main.zip!faithful-cot-main/train/verl/trainer/ppo/core_algos.py@compute_weights
faithful-cot-main.zip!faithful-cot-main/train/verl/trainer/ppo/core_algos.py@compute_policy_loss_reinforce
faithful-cot-main.zip!faithful-cot-main/train/verl/trainer/ppo/core_algos.py@compute_policy_loss_bypass_mode
# inference/cache_manager.py  (safety-tooling-main.zip!safety-tooling-main/safetytooling/apis/inference/cache_manager.py, 30 fns)
safety-tooling-main.zip!safety-tooling-main/safetytooling/apis/inference/cache_manager.py@total_size
safety-tooling-main.zip!safety-tooling-main/safetytooling/apis/inference/cache_manager.py@sizeof
safety-tooling-main.zip!safety-tooling-main/safetytooling/apis/inference/cache_manager.py@BaseCacheManager::process_cached_responses
safety-tooling-main.zip!safety-tooling-main/safetytooling/apis/inference/cache_manager.py@BaseCacheManager::update_failed_cache
safety-tooling-main.zip!safety-tooling-main/safetytooling/apis/inference/cache_manager.py@FileBasedCacheManager::_evict_lru
safety-tooling-main.zip!safety-tooling-main/safetytooling/apis/inference/cache_manager.py@FileBasedCacheManager::add_entry
safety-tooling-main.zip!safety-tooling-main/safetytooling/apis/inference/cache_manager.py@FileBasedCacheManager::touch
safety-tooling-main.zip!safety-tooling-main/safetytooling/apis/inference/cache_manager.py@FileBasedCacheManager::get_cache_file
safety-tooling-main.zip!safety-tooling-main/safetytooling/apis/inference/cache_manager.py@FileBasedCacheManager::maybe_load_cache
safety-tooling-main.zip!safety-tooling-main/safetytooling/apis/inference/cache_manager.py@FileBasedCacheManager::process_cached_responses
safety-tooling-main.zip!safety-tooling-main/safetytooling/apis/inference/cache_manager.py@FileBasedCacheManager::update_failed_cache
safety-tooling-main.zip!safety-tooling-main/safetytooling/apis/inference/cache_manager.py@FileBasedCacheManager::save_cache
safety-tooling-main.zip!safety-tooling-main/safetytooling/apis/inference/cache_manager.py@FileBasedCacheManager::get_moderation_file
safety-tooling-main.zip!safety-tooling-main/safetytooling/apis/inference/cache_manager.py@FileBasedCacheManager::maybe_load_moderation
safety-tooling-main.zip!safety-tooling-main/safetytooling/apis/inference/cache_manager.py@FileBasedCacheManager::save_moderation
safety-tooling-main.zip!safety-tooling-main/safetytooling/apis/inference/cache_manager.py@FileBasedCacheManager::get_embeddings_file
safety-tooling-main.zip!safety-tooling-main/safetytooling/apis/inference/cache_manager.py@FileBasedCacheManager::maybe_load_embeddings
safety-tooling-main.zip!safety-tooling-main/safetytooling/apis/inference/cache_manager.py@FileBasedCacheManager::save_embeddings
safety-tooling-main.zip!safety-tooling-main/safetytooling/apis/inference/cache_manager.py@RedisCacheManager::get_cache_file
safety-tooling-main.zip!safety-tooling-main/safetytooling/apis/inference/cache_manager.py@RedisCacheManager::maybe_load_cache
safety-tooling-main.zip!safety-tooling-main/safetytooling/apis/inference/cache_manager.py@RedisCacheManager::process_cached_responses
safety-tooling-main.zip!safety-tooling-main/safetytooling/apis/inference/cache_manager.py@RedisCacheManager::update_failed_cache
safety-tooling-main.zip!safety-tooling-main/safetytooling/apis/inference/cache_manager.py@RedisCacheManager::save_cache
safety-tooling-main.zip!safety-tooling-main/safetytooling/apis/inference/cache_manager.py@RedisCacheManager::get_moderation_file
safety-tooling-main.zip!safety-tooling-main/safetytooling/apis/inference/cache_manager.py@RedisCacheManager::maybe_load_moderation
safety-tooling-main.zip!safety-tooling-main/safetytooling/apis/inference/cache_manager.py@RedisCacheManager::save_moderation
safety-tooling-main.zip!safety-tooling-main/safetytooling/apis/inference/cache_manager.py@RedisCacheManager::get_embeddings_file
safety-tooling-main.zip!safety-tooling-main/safetytooling/apis/inference/cache_manager.py@RedisCacheManager::maybe_load_embeddings
safety-tooling-main.zip!safety-tooling-main/safetytooling/apis/inference/cache_manager.py@RedisCacheManager::save_embeddings
safety-tooling-main.zip!safety-tooling-main/safetytooling/apis/inference/cache_manager.py@get_cache_manager
# verl/utils/activation_offload.py  (faithful-cot-main.zip!faithful-cot-main/train/verl/utils/activation_offload.py, 28 fns)
faithful-cot-main.zip!faithful-cot-main/train/verl/utils/activation_offload.py@FSDPParameterFilter::update_model_parameters
faithful-cot-main.zip!faithful-cot-main/train/verl/utils/activation_offload.py@OffloadHandler::tensor_push
faithful-cot-main.zip!faithful-cot-main/train/verl/utils/activation_offload.py@OffloadHandler::tensor_pop
faithful-cot-main.zip!faithful-cot-main/train/verl/utils/activation_offload.py@GroupCommitFunction::backward
faithful-cot-main.zip!faithful-cot-main/train/verl/utils/activation_offload.py@SynchronizedGroupOffloadHandler::groupid_reset
faithful-cot-main.zip!faithful-cot-main/train/verl/utils/activation_offload.py@SynchronizedGroupOffloadHandler::on_group_commit_forward
faithful-cot-main.zip!faithful-cot-main/train/verl/utils/activation_offload.py@SynchronizedGroupOffloadHandler::on_group_commit_backward
faithful-cot-main.zip!faithful-cot-main/train/verl/utils/activation_offload.py@SynchronizedGroupOffloadHandler::offload
faithful-cot-main.zip!faithful-cot-main/train/verl/utils/activation_offload.py@SynchronizedGroupOffloadHandler::reload
faithful-cot-main.zip!faithful-cot-main/train/verl/utils/activation_offload.py@SynchronizedGroupOffloadHandler::tensor_push
faithful-cot-main.zip!faithful-cot-main/train/verl/utils/activation_offload.py@SynchronizedGroupOffloadHandler::tensor_pop
faithful-cot-main.zip!faithful-cot-main/train/verl/utils/activation_offload.py@AsyncDoubleBufferGroupOffloadHandler::tensor_push
faithful-cot-main.zip!faithful-cot-main/train/verl/utils/activation_offload.py@AsyncDoubleBufferGroupOffloadHandler::tensor_pop
faithful-cot-main.zip!faithful-cot-main/train/verl/utils/activation_offload.py@AsyncDoubleBufferGroupOffloadHandler::bulk_offload_group
faithful-cot-main.zip!faithful-cot-main/train/verl/utils/activation_offload.py@AsyncDoubleBufferGroupOffloadHandler::synchronize_on_group_commit_forward
faithful-cot-main.zip!faithful-cot-main/train/verl/utils/activation_offload.py@AsyncDoubleBufferGroupOffloadHandler::on_group_commit_forward
faithful-cot-main.zip!faithful-cot-main/train/verl/utils/activation_offload.py@AsyncDoubleBufferGroupOffloadHandler::bulk_reload_group
faithful-cot-main.zip!faithful-cot-main/train/verl/utils/activation_offload.py@AsyncDoubleBufferGroupOffloadHandler::on_group_commit_backward
faithful-cot-main.zip!faithful-cot-main/train/verl/utils/activation_offload.py@get_activation_offload_context
faithful-cot-main.zip!faithful-cot-main/train/verl/utils/activation_offload.py@ActivationHandler::pre_forward
faithful-cot-main.zip!faithful-cot-main/train/verl/utils/activation_offload.py@ActivationHandler::_pack_kwargs
faithful-cot-main.zip!faithful-cot-main/train/verl/utils/activation_offload.py@ActivationHandler::_unpack_kwargs
faithful-cot-main.zip!faithful-cot-main/train/verl/utils/activation_offload.py@ActivationHandler::_ckpt_forward
faithful-cot-main.zip!faithful-cot-main/train/verl/utils/activation_offload.py@ActivationHandler::my_function
faithful-cot-main.zip!faithful-cot-main/train/verl/utils/activation_offload.py@ActivationHandler::wrap_module_forward_method
faithful-cot-main.zip!faithful-cot-main/train/verl/utils/activation_offload.py@ActivationHandler::wrapped_method
faithful-cot-main.zip!faithful-cot-main/train/verl/utils/activation_offload.py@enable_activation_offloading
faithful-cot-main.zip!faithful-cot-main/train/verl/utils/activation_offload.py@get_layers
