# Indication/Provider/CIM_InstIndication.h  (Windows-classic-samples-main.zip!Windows-classic-samples-main/Samples/ManagementInfrastructure/cpp/Indication/Provider/CIM_InstIndication.h, 39 fns)
Windows-classic-samples-main.zip!Windows-classic-samples-main/Samples/ManagementInfrastructure/cpp/Indication/Provider/CIM_InstIndication.h@CIM_InstIndication_Construct
Windows-classic-samples-main.zip!Windows-classic-samples-main/Samples/ManagementInfrastructure/cpp/Indication/Provider/CIM_InstIndication.h@CIM_InstIndication_Clone
Windows-classic-samples-main.zip!Windows-classic-samples-main/Samples/ManagementInfrastructure/cpp/Indication/Provider/CIM_InstIndication.h@CIM_InstIndication_IsA
Windows-classic-samples-main.zip!Windows-classic-samples-main/Samples/ManagementInfrastructure/cpp/Indication/Provider/CIM_InstIndication.h@CIM_InstIndication_Destruct
Windows-classic-samples-main.zip!Windows-classic-samples-main/Samples/ManagementInfrastructure/cpp/Indication/Provider/CIM_InstIndication.h@CIM_InstIndication_Delete
Windows-classic-samples-main.zip!Windows-classic-samples-main/Samples/ManagementInfrastructure/cpp/Indication/Provider/CIM_InstIndication.h@CIM_InstIndication_Post
Windows-classic-samples-main.zip!Windows-classic-samples-main/Samples/ManagementInfrastructure/cpp/Indication/Provider/CIM_InstIndication.h@CIM_InstIndication_Set_IndicationIdentifier
Windows-classic-samples-main.zip!Windows-classic-samples-main/Samples/ManagementInfrastructure/cpp/Indication/Provider/CIM_InstIndication.h@CIM_InstIndication_SetPtr_IndicationIdentifier
Windows-classic-samples-main.zip!Windows-classic-samples-main/Samples/ManagementInfrastructure/cpp/Indication/Provider/CIM_InstIndication.h@CIM_InstIndication_Clear_IndicationIdentifier
Windows-classic-samples-main.zip!Windows-classic-samples-main/Samples/ManagementInfrastructure/cpp/Indication/Provider/CIM_InstIndication.h@CIM_InstIndication_Set_CorrelatedIndications
Windows-classic-samples-main.zip!Windows-classic-samples-main/Samples/ManagementInfrastructure/cpp/Indication/Provider/CIM_InstIndication.h@CIM_InstIndication_SetPtr_CorrelatedIndications
Windows-classic-samples-main.zip!Windows-classic-samples-main/Samples/ManagementInfrastructure/cpp/Indication/Provider/CIM_InstIndication.h@CIM_InstIndication_Clear_CorrelatedIndications
Windows-classic-samples-main.zip!Windows-classic-samples-main/Samples/ManagementInfrastructure/cpp/Indication/Provider/CIM_InstIndication.h@CIM_InstIndication_Set_IndicationTime
Windows-classic-samples-main.zip!Windows-classic-samples-main/Samples/ManagementInfrastructure/cpp/Indication/Provider/CIM_InstIndication.h@CIM_InstIndication_Clear_IndicationTime
Windows-classic-samples-main.zip!Windows-classic-samples-main/Samples/ManagementInfrastructure/cpp/Indication/Provider/CIM_InstIndication.h@CIM_InstIndication_Set_PerceivedSeverity
Windows-classic-samples-main.zip!Windows-classic-samples-main/Samples/ManagementInfrastructure/cpp/Indication/Provider/CIM_InstIndication.h@CIM_InstIndication_Clear_PerceivedSeverity
Windows-classic-samples-main.zip!Windows-classic-samples-main/Samples/ManagementInfrastructure/cpp/Indication/Provider/CIM_InstIndication.h@CIM_InstIndication_Set_OtherSeverity
Windows-classic-samples-main.zip!Windows-classic-samples-main/Samples/ManagementInfrastructure/cpp/Indication/Provider/CIM_InstIndication.h@CIM_InstIndication_SetPtr_OtherSeverity
Windows-classic-samples-main.zip!Windows-classic-samples-main/Samples/ManagementInfrastructure/cpp/Indication/Provider/CIM_InstIndication.h@CIM_InstIndication_Clear_OtherSeverity
Windows-classic-samples-main.zip!Windows-classic-samples-main/Samples/ManagementInfrastructure/cpp/Indication/Provider/CIM_InstIndication.h@CIM_InstIndication_Set_IndicationFilterName
Windows-classic-samples-main.zip!Windows-classic-samples-main/Samples/ManagementInfrastructure/cpp/Indication/Provider/CIM_InstIndication.h@CIM_InstIndication_SetPtr_IndicationFilterName
Windows-classic-samples-main.zip!Windows-classic-samples-main/Samples/ManagementInfrastructure/cpp/Indication/Provider/CIM_InstIndication.h@CIM_InstIndication_Clear_IndicationFilterName
Windows-classic-samples-main.zip!Windows-classic-samples-main/Samples/ManagementInfrastructure/cpp/Indication/Provider/CIM_InstIndication.h@CIM_InstIndication_Set_SequenceContext
Windows-classic-samples-main.zip!Windows-classic-samples-main/Samples/ManagementInfrastructure/cpp/Indication/Provider/CIM_InstIndication.h@CIM_InstIndication_SetPtr_SequenceContext
Windows-classic-samples-main.zip!Windows-classic-samples-main/Samples/ManagementInfrastructure/cpp/Indication/Provider/CIM_InstIndication.h@CIM_InstIndication_Clear_SequenceContext
Windows-classic-samples-main.zip!Windows-classic-samples-main/Samples/ManagementInfrastructure/cpp/Indication/Provider/CIM_InstIndication.h@CIM_InstIndication_Set_SequenceNumber
Windows-classic-samples-main.zip!Windows-classic-samples-main/Samples/ManagementInfrastructure/cpp/Indication/Provider/CIM_InstIndication.h@CIM_InstIndication_Clear_SequenceNumber
Windows-classic-samples-main.zip!Windows-classic-samples-main/Samples/ManagementInfrastructure/cpp/Indication/Provider/CIM_InstIndication.h@CIM_InstIndication_Set_SourceInstance
Windows-classic-samples-main.zip!Windows-classic-samples-main/Samples/ManagementInfrastructure/cpp/Indication/Provider/CIM_InstIndication.h@CIM_InstIndication_SetPtr_SourceInstance
Windows-classic-samples-main.zip!Windows-classic-samples-main/Samples/ManagementInfrastructure/cpp/Indication/Provider/CIM_InstIndication.h@CIM_InstIndication_Clear_SourceInstance
Windows-classic-samples-main.zip!Windows-classic-samples-main/Samples/ManagementInfrastructure/cpp/Indication/Provider/CIM_InstIndication.h@CIM_InstIndication_Set_SourceInstanceModelPath
Windows-classic-samples-main.zip!Windows-classic-samples-main/Samples/ManagementInfrastructure/cpp/Indication/Provider/CIM_InstIndication.h@CIM_InstIndication_SetPtr_SourceInstanceModelPath
Windows-classic-samples-main.zip!Windows-classic-samples-main/Samples/ManagementInfrastructure/cpp/Indication/Provider/CIM_InstIndication.h@CIM_InstIndication_Clear_SourceInstanceModelPath
Windows-classic-samples-main.zip!Windows-classic-samples-main/Samples/ManagementInfrastructure/cpp/Indication/Provider/CIM_InstIndication.h@CIM_InstIndication_Set_SourceInstanceHost
Windows-classic-samples-main.zip!Windows-classic-samples-main/Samples/ManagementInfrastructure/cpp/Indication/Provider/CIM_InstIndication.h@CIM_InstIndication_SetPtr_SourceInstanceHost
Windows-classic-samples-main.zip!Windows-classic-samples-main/Samples/ManagementInfrastructure/cpp/Indication/Provider/CIM_InstIndication.h@CIM_InstIndication_Clear_SourceInstanceHost
Windows-classic-samples-main.zip!Windows-classic-samples-main/Samples/ManagementInfrastructure/cpp/Indication/Provider/CIM_InstIndication.h@MI_Context_ConstructInstance
Windows-classic-samples-main.zip!Windows-classic-samples-main/Samples/ManagementInfrastructure/cpp/Indication/Provider/CIM_InstIndication.h@MI_Instance_Clone
Windows-classic-samples-main.zip!Windows-classic-samples-main/Samples/ManagementInfrastructure/cpp/Indication/Provider/CIM_InstIndication.h@MI_Context_PostIndication
# winsock/dt_dll/Nideque.h  (Windows-classic-samples-main.zip!Windows-classic-samples-main/Samples/Win7Samples/netds/winsock/dt_dll/Nideque.h, 39 fns)
Windows-classic-samples-main.zip!Windows-classic-samples-main/Samples/Win7Samples/netds/winsock/dt_dll/Nideque.h@NILNode_c<T>::NILNode_c
Windows-classic-samples-main.zip!Windows-classic-samples-main/Samples/Win7Samples/netds/winsock/dt_dll/Nideque.h@NIDeque_c<T>::NIDeque_c
Windows-classic-samples-main.zip!Windows-classic-samples-main/Samples/Win7Samples/netds/winsock/dt_dll/Nideque.h@NIDeque_c<T>::~NIDeque_c
Windows-classic-samples-main.zip!Windows-classic-samples-main/Samples/Win7Samples/netds/winsock/dt_dll/Nideque.h@NIDeque_c<T>::InsertIntoFront
Windows-classic-samples-main.zip!Windows-classic-samples-main/Samples/Win7Samples/netds/winsock/dt_dll/Nideque.h@NIDeque_c<T>::RemoveFromFront
Windows-classic-samples-main.zip!Windows-classic-samples-main/Samples/Win7Samples/netds/winsock/dt_dll/Nideque.h@NIDeque_c<T>::InsertIntoBack
Windows-classic-samples-main.zip!Windows-classic-samples-main/Samples/Win7Samples/netds/winsock/dt_dll/Nideque.h@NIDeque_c<T>::RemoveFromBack
Windows-classic-samples-main.zip!Windows-classic-samples-main/Samples/Win7Samples/netds/winsock/dt_dll/Nideque.h@NIDeque_c<T>::GetFromFront
Windows-classic-samples-main.zip!Windows-classic-samples-main/Samples/Win7Samples/netds/winsock/dt_dll/Nideque.h@NIDeque_c<T>::GetFromBack
Windows-classic-samples-main.zip!Windows-classic-samples-main/Samples/Win7Samples/netds/winsock/dt_dll/Nideque.h@NIDeque_c<T>::IsEmpty
Windows-classic-samples-main.zip!Windows-classic-samples-main/Samples/Win7Samples/netds/winsock/dt_dll/Nideque.h@NIDequeIter_c<T>::RemoveData
Windows-classic-samples-main.zip!Windows-classic-samples-main/Samples/Win7Samples/netds/winsock/dt_dll/Nideque.h@NIDequeIter_c<T>::NIDequeIter_c
Windows-classic-samples-main.zip!Windows-classic-samples-main/Samples/Win7Samples/netds/winsock/dt_dll/Nideque.h@NIDequeIter_c<T>::NIDequeIter_c@526
Windows-classic-samples-main.zip!Windows-classic-samples-main/Samples/Win7Samples/netds/winsock/dt_dll/Nideque.h@NIDequeIter_c<T>::Initialize
Windows-classic-samples-main.zip!Windows-classic-samples-main/Samples/Win7Samples/netds/winsock/dt_dll/Nideque.h@NIDequeIter_c<T>::First
Windows-classic-samples-main.zip!Windows-classic-samples-main/Samples/Win7Samples/netds/winsock/dt_dll/Nideque.h@NIDequeIter_c<T>::Next
Windows-classic-samples-main.zip!Windows-classic-samples-main/Samples/Win7Samples/netds/winsock/dt_dll/Nideque.h@NIDequeIter_c<T>::Last
Windows-classic-samples-main.zip!Windows-classic-samples-main/Samples/Win7Samples/netds/winsock/dt_dll/Nideque.h@NIDequeIter_c<T>::Back
Windows-classic-samples-main.zip!Windows-classic-samples-main/Samples/Win7Samples/netds/winsock/dt_dll/Nideque.h@NIDequeIter_c<T>::Replace
Windows-classic-samples-main.zip!Windows-classic-samples-main/Samples/Win7Samples/netds/winsock/dt_dll/Nideque.h@NIDequeIter_c<T>::Remove
Windows-classic-samples-main.zip!Windows-classic-samples-main/Samples/Win7Samples/netds/winsock/dt_dll/Nideque.h@NIDeque_c::NIDeque_c
Windows-classic-samples-main.zip!Windows-classic-samples-main/Samples/Win7Samples/netds/winsock/dt_dll/Nideque.h@NIDeque_c::~NIDeque_c
Windows-classic-samples-main.zip!Windows-classic-samples-main/Samples/Win7Samples/netds/winsock/dt_dll/Nideque.h@NIDeque_c::InsertIntoFront
Windows-classic-samples-main.zip!Windows-classic-samples-main/Samples/Win7Samples/netds/winsock/dt_dll/Nideque.h@NIDeque_c::RemoveFromFront
Windows-classic-samples-main.zip!Windows-classic-samples-main/Samples/Win7Samples/netds/winsock/dt_dll/Nideque.h@NIDeque_c::InsertIntoBack
Windows-classic-samples-main.zip!Windows-classic-samples-main/Samples/Win7Samples/netds/winsock/dt_dll/Nideque.h@NIDeque_c::RemoveFromBack
Windows-classic-samples-main.zip!Windows-classic-samples-main/Samples/Win7Samples/netds/winsock/dt_dll/Nideque.h@NIDeque_c::GetFromFront
Windows-classic-samples-main.zip!Windows-classic-samples-main/Samples/Win7Samples/netds/winsock/dt_dll/Nideque.h@NIDeque_c::GetFromBack
Windows-classic-samples-main.zip!Windows-classic-samples-main/Samples/Win7Samples/netds/winsock/dt_dll/Nideque.h@NIDeque_c::IsEmpty
Windows-classic-samples-main.zip!Windows-classic-samples-main/Samples/Win7Samples/netds/winsock/dt_dll/Nideque.h@NIDequeIter_c::RemoveData
Windows-classic-samples-main.zip!Windows-classic-samples-main/Samples/Win7Samples/netds/winsock/dt_dll/Nideque.h@NIDequeIter_c::NIDequeIter_c
Windows-classic-samples-main.zip!Windows-classic-samples-main/Samples/Win7Samples/netds/winsock/dt_dll/Nideque.h@NIDequeIter_c::~NIDequeIter_c
Windows-classic-samples-main.zip!Windows-classic-samples-main/Samples/Win7Samples/netds/winsock/dt_dll/Nideque.h@NIDequeIter_c::Initialize
Windows-classic-samples-main.zip!Windows-classic-samples-main/Samples/Win7Samples/netds/winsock/dt_dll/Nideque.h@NIDequeIter_c::First
Windows-classic-samples-main.zip!Windows-classic-samples-main/Samples/Win7Samples/netds/winsock/dt_dll/Nideque.h@NIDequeIter_c::Next
Windows-classic-samples-main.zip!Windows-classic-samples-main/Samples/Win7Samples/netds/winsock/dt_dll/Nideque.h@NIDequeIter_c::Last
Windows-classic-samples-main.zip!Windows-classic-samples-main/Samples/Win7Samples/netds/winsock/dt_dll/Nideque.h@NIDequeIter_c::Back
Windows-classic-samples-main.zip!Windows-classic-samples-main/Samples/Win7Samples/netds/winsock/dt_dll/Nideque.h@NIDequeIter_c::Replace
Windows-classic-samples-main.zip!Windows-classic-samples-main/Samples/Win7Samples/netds/winsock/dt_dll/Nideque.h@NIDequeIter_c::Remove
# dxva2_videoproc/dxva2vp.cpp  (Windows-classic-samples-main.zip!Windows-classic-samples-main/Samples/Win7Samples/multimedia/mediafoundation/dxva2_videoproc/dxva2vp.cpp, 39 fns)
Windows-classic-samples-main.zip!Windows-classic-samples-main/Samples/Win7Samples/multimedia/mediafoundation/dxva2_videoproc/dxva2vp.cpp@operator !=
Windows-classic-samples-main.zip!Windows-classic-samples-main/Samples/Win7Samples/multimedia/mediafoundation/dxva2_videoproc/dxva2vp.cpp@DbgPrint
Windows-classic-samples-main.zip!Windows-classic-samples-main/Samples/Win7Samples/multimedia/mediafoundation/dxva2_videoproc/dxva2vp.cpp@RegisterSoftwareRasterizer
Windows-classic-samples-main.zip!Windows-classic-samples-main/Samples/Win7Samples/multimedia/mediafoundation/dxva2_videoproc/dxva2vp.cpp@InitializeD3D9
Windows-classic-samples-main.zip!Windows-classic-samples-main/Samples/Win7Samples/multimedia/mediafoundation/dxva2_videoproc/dxva2vp.cpp@DestroyD3D9
Windows-classic-samples-main.zip!Windows-classic-samples-main/Samples/Win7Samples/multimedia/mediafoundation/dxva2_videoproc/dxva2vp.cpp@ComputeLongSteps
Windows-classic-samples-main.zip!Windows-classic-samples-main/Samples/Win7Samples/multimedia/mediafoundation/dxva2_videoproc/dxva2vp.cpp@CreateDXVA2VPDevice
Windows-classic-samples-main.zip!Windows-classic-samples-main/Samples/Win7Samples/multimedia/mediafoundation/dxva2_videoproc/dxva2vp.cpp@FillRectangle
Windows-classic-samples-main.zip!Windows-classic-samples-main/Samples/Win7Samples/multimedia/mediafoundation/dxva2_videoproc/dxva2vp.cpp@RGBtoYUV
Windows-classic-samples-main.zip!Windows-classic-samples-main/Samples/Win7Samples/multimedia/mediafoundation/dxva2_videoproc/dxva2vp.cpp@RGBtoYUY2
Windows-classic-samples-main.zip!Windows-classic-samples-main/Samples/Win7Samples/multimedia/mediafoundation/dxva2_videoproc/dxva2vp.cpp@UpdateSubStream
Windows-classic-samples-main.zip!Windows-classic-samples-main/Samples/Win7Samples/multimedia/mediafoundation/dxva2_videoproc/dxva2vp.cpp@InitializeVideo
Windows-classic-samples-main.zip!Windows-classic-samples-main/Samples/Win7Samples/multimedia/mediafoundation/dxva2_videoproc/dxva2vp.cpp@InitializeDXVA2
Windows-classic-samples-main.zip!Windows-classic-samples-main/Samples/Win7Samples/multimedia/mediafoundation/dxva2_videoproc/dxva2vp.cpp@DestroyDXVA2
Windows-classic-samples-main.zip!Windows-classic-samples-main/Samples/Win7Samples/multimedia/mediafoundation/dxva2_videoproc/dxva2vp.cpp@EnableDwmQueuing
Windows-classic-samples-main.zip!Windows-classic-samples-main/Samples/Win7Samples/multimedia/mediafoundation/dxva2_videoproc/dxva2vp.cpp@ChangeFullscreenMode
Windows-classic-samples-main.zip!Windows-classic-samples-main/Samples/Win7Samples/multimedia/mediafoundation/dxva2_videoproc/dxva2vp.cpp@ResetDevice
Windows-classic-samples-main.zip!Windows-classic-samples-main/Samples/Win7Samples/multimedia/mediafoundation/dxva2_videoproc/dxva2vp.cpp@GetFrameNumber
Windows-classic-samples-main.zip!Windows-classic-samples-main/Samples/Win7Samples/multimedia/mediafoundation/dxva2_videoproc/dxva2vp.cpp@GetBackgroundColor
Windows-classic-samples-main.zip!Windows-classic-samples-main/Samples/Win7Samples/multimedia/mediafoundation/dxva2_videoproc/dxva2vp.cpp@ScaleRectangle
Windows-classic-samples-main.zip!Windows-classic-samples-main/Samples/Win7Samples/multimedia/mediafoundation/dxva2_videoproc/dxva2vp.cpp@ProcessVideo
Windows-classic-samples-main.zip!Windows-classic-samples-main/Samples/Win7Samples/multimedia/mediafoundation/dxva2_videoproc/dxva2vp.cpp@OnDestroy
Windows-classic-samples-main.zip!Windows-classic-samples-main/Samples/Win7Samples/multimedia/mediafoundation/dxva2_videoproc/dxva2vp.cpp@ResetParameter
Windows-classic-samples-main.zip!Windows-classic-samples-main/Samples/Win7Samples/multimedia/mediafoundation/dxva2_videoproc/dxva2vp.cpp@ValidateValueRange
Windows-classic-samples-main.zip!Windows-classic-samples-main/Samples/Win7Samples/multimedia/mediafoundation/dxva2_videoproc/dxva2vp.cpp@IncrementParameter
Windows-classic-samples-main.zip!Windows-classic-samples-main/Samples/Win7Samples/multimedia/mediafoundation/dxva2_videoproc/dxva2vp.cpp@DecrementParameter
Windows-classic-samples-main.zip!Windows-classic-samples-main/Samples/Win7Samples/multimedia/mediafoundation/dxva2_videoproc/dxva2vp.cpp@OnKey
Windows-classic-samples-main.zip!Windows-classic-samples-main/Samples/Win7Samples/multimedia/mediafoundation/dxva2_videoproc/dxva2vp.cpp@OnPaint
Windows-classic-samples-main.zip!Windows-classic-samples-main/Samples/Win7Samples/multimedia/mediafoundation/dxva2_videoproc/dxva2vp.cpp@OnSize
Windows-classic-samples-main.zip!Windows-classic-samples-main/Samples/Win7Samples/multimedia/mediafoundation/dxva2_videoproc/dxva2vp.cpp@CALLBACK
WindowProc
Windows-classic-samples-main.zip!Windows-classic-samples-main/Samples/Win7Samples/multimedia/mediafoundation/dxva2_videoproc/dxva2vp.cpp@InitializeWindow
Windows-classic-samples-main.zip!Windows-classic-samples-main/Samples/Win7Samples/multimedia/mediafoundation/dxva2_videoproc/dxva2vp.cpp@InitializeTimer
Windows-classic-samples-main.zip!Windows-classic-samples-main/Samples/Win7Samples/multimedia/mediafoundation/dxva2_videoproc/dxva2vp.cpp@DestroyTimer
Windows-classic-samples-main.zip!Windows-classic-samples-main/Samples/Win7Samples/multimedia/mediafoundation/dxva2_videoproc/dxva2vp.cpp@PreTranslateMessage
Windows-classic-samples-main.zip!Windows-classic-samples-main/Samples/Win7Samples/multimedia/mediafoundation/dxva2_videoproc/dxva2vp.cpp@MessageLoop
Windows-classic-samples-main.zip!Windows-classic-samples-main/Samples/Win7Samples/multimedia/mediafoundation/dxva2_videoproc/dxva2vp.cpp@InitializeParameter
Windows-classic-samples-main.zip!Windows-classic-samples-main/Samples/Win7Samples/multimedia/mediafoundation/dxva2_videoproc/dxva2vp.cpp@InitializeModule
Windows-classic-samples-main.zip!Windows-classic-samples-main/Samples/Win7Samples/multimedia/mediafoundation/dxva2_videoproc/dxva2vp.cpp@WINAPI
_tWinMain
Windows-classic-samples-main.zip!Windows-classic-samples-main/Samples/Win7Samples/multimedia/mediafoundation/dxva2_videoproc/dxva2vp.cpp@direction@55
