# zlib-1.3.2/deflate.c  — deflate: LZ77 match-finding + deflate compression strategies (31 fns)
zlib-1.3.2/deflate.c@slide_hash
zlib-1.3.2/deflate.c@read_buf
zlib-1.3.2/deflate.c@fill_window
zlib-1.3.2/deflate.c@deflateInit_
zlib-1.3.2/deflate.c@deflateInit2_
zlib-1.3.2/deflate.c@deflateStateCheck
zlib-1.3.2/deflate.c@deflateSetDictionary
zlib-1.3.2/deflate.c@deflateGetDictionary
zlib-1.3.2/deflate.c@lm_init
zlib-1.3.2/deflate.c@deflateReset
zlib-1.3.2/deflate.c@deflateResetKeep
zlib-1.3.2/deflate.c@deflateSetHeader
zlib-1.3.2/deflate.c@deflatePending
zlib-1.3.2/deflate.c@deflateUsed
zlib-1.3.2/deflate.c@deflatePrime
zlib-1.3.2/deflate.c@deflateParams
zlib-1.3.2/deflate.c@deflateTune
zlib-1.3.2/deflate.c@deflateBound_z
zlib-1.3.2/deflate.c@deflateBound
zlib-1.3.2/deflate.c@putShortMSB
zlib-1.3.2/deflate.c@flush_pending
zlib-1.3.2/deflate.c@deflate
zlib-1.3.2/deflate.c@deflateEnd
zlib-1.3.2/deflate.c@deflateCopy
zlib-1.3.2/deflate.c@longest_match
zlib-1.3.2/deflate.c@check_match
zlib-1.3.2/deflate.c@deflate_stored
zlib-1.3.2/deflate.c@deflate_fast
zlib-1.3.2/deflate.c@deflate_slow
zlib-1.3.2/deflate.c@deflate_rle
zlib-1.3.2/deflate.c@deflate_huff
# zlib-1.3.2/inflate.c  — inflate: streaming inflate decompression state machine (18 fns)
zlib-1.3.2/inflate.c@inflateStateCheck
zlib-1.3.2/inflate.c@inflateResetKeep
zlib-1.3.2/inflate.c@inflateReset
zlib-1.3.2/inflate.c@inflateReset2
zlib-1.3.2/inflate.c@inflateInit2_
zlib-1.3.2/inflate.c@inflateInit_
zlib-1.3.2/inflate.c@inflatePrime
zlib-1.3.2/inflate.c@updatewindow
zlib-1.3.2/inflate.c@inflate
zlib-1.3.2/inflate.c@inflateEnd
zlib-1.3.2/inflate.c@inflateGetHeader
zlib-1.3.2/inflate.c@syncsearch
zlib-1.3.2/inflate.c@inflateSync
zlib-1.3.2/inflate.c@inflateSyncPoint
zlib-1.3.2/inflate.c@inflateCopy
zlib-1.3.2/inflate.c@inflateUndermine
zlib-1.3.2/inflate.c@inflateValidate
zlib-1.3.2/inflate.c@inflateMark
# zlib-1.3.2/trees.c  — trees: Huffman tree construction + bit-level output (22 fns)
zlib-1.3.2/trees.c@bi_reverse
zlib-1.3.2/trees.c@bi_flush
zlib-1.3.2/trees.c@bi_windup
zlib-1.3.2/trees.c@gen_codes
zlib-1.3.2/trees.c@send_bits
zlib-1.3.2/trees.c@tr_static_init
zlib-1.3.2/trees.c@gen_trees_header
zlib-1.3.2/trees.c@init_block
zlib-1.3.2/trees.c@_tr_init
zlib-1.3.2/trees.c@pqdownheap
zlib-1.3.2/trees.c@gen_bitlen
zlib-1.3.2/trees.c@build_tree
zlib-1.3.2/trees.c@scan_tree
zlib-1.3.2/trees.c@send_tree
zlib-1.3.2/trees.c@build_bl_tree
zlib-1.3.2/trees.c@send_all_trees
zlib-1.3.2/trees.c@_tr_stored_block
zlib-1.3.2/trees.c@_tr_align
zlib-1.3.2/trees.c@compress_block
zlib-1.3.2/trees.c@detect_data_type
zlib-1.3.2/trees.c@_tr_tally
zlib-1.3.2/trees.c@_tr_flush_block
