C:\work\code_exam\Nodejs_port\code-exam\README.md
C:\work\code_exam\Nodejs_port\code-exam\src\argparse.js
C:\work\code_exam\Nodejs_port\code-exam\src\glob.js
C:\work\code_exam\Nodejs_port\code-exam\src\index.js
C:\work\code_exam\Nodejs_port\code-exam\src\utils.js
C:\work\code_exam\Nodejs_port\code-exam\src\commands\analyze.js
C:\work\code_exam\Nodejs_port\code-exam\src\commands\browse.js
C:\work\code_exam\Nodejs_port\code-exam\src\commands\callers.js
C:\work\code_exam\Nodejs_port\code-exam\src\commands\claim.js
C:\work\code_exam\Nodejs_port\code-exam\src\commands\dedup.js
C:\work\code_exam\Nodejs_port\code-exam\src\commands\graph.js
C:\work\code_exam\Nodejs_port\code-exam\src\commands\interactive.js
C:\work\code_exam\Nodejs_port\code-exam\src\commands\metrics.js
C:\work\code_exam\Nodejs_port\code-exam\src\commands\multisect.js
C:\work\code_exam\Nodejs_port\code-exam\src\commands\search.js
C:\work\code_exam\Nodejs_port\code-exam\src\core\CodeSearchIndex.js
C:\work\code_exam\Nodejs_port\code-exam\test\test_basic.js
C:\work\code_exam\Nodejs_port\code-exam\test\test_phase2.js
C:\work\code_exam\Nodejs_port\code-exam\test\test_phase3.js
C:\work\code_exam\Nodejs_port\code-exam\test\test_phase4.js
C:\work\code_exam\Nodejs_port\code-exam\test\test_phase5.js
C:\work\code_exam\Nodejs_port\code-exam\test\test_phase6.js
C:\work\code_exam\Nodejs_port\code-exam\test\test_phase8a.js
C:\work\code_exam\Nodejs_port\code-exam\test\test_phase8b.js
